../Core/Src/main.c:12:5:main	8	static
../Core/Src/main.c:41:10:calculateFreq	32	static
../Core/Src/main.c:67:6:TIM2_IRQHandler	4	static
../Core/Src/main.c:81:6:ADC1_2_IRQHandler	4	static
../Core/Src/main.c:96:6:TIM2_init	4	static,ignoring_inline_asm
../Core/Src/main.c:127:6:ADC_init	8	static
../Core/Src/main.c:177:6:ADC_delay	16	static
../Core/Src/main.c:181:6:USART_delay	16	static
../Core/Src/main.c:185:6:SystemClock_Config	96	static
../Core/Src/main.c:224:6:Error_Handler	4	static,ignoring_inline_asm
