14:00:47 **** Build of configuration Debug for project blinkLED ****
make -j8 all 
arm-none-eabi-gcc "../Core/Src/main.c" -mcpu=cortex-m4 -std=gnu11 -g3 -DDEBUG -DUSE_HAL_DRIVER -DSTM32L4A6xx -c -I../Core/Inc -I../Drivers/STM32L4xx_HAL_Driver/Inc -I../Drivers/STM32L4xx_HAL_Driver/Inc/Legacy -I../Drivers/CMSIS/Device/ST/STM32L4xx/Include -I../Drivers/CMSIS/Include -O0 -ffunction-sections -fdata-sections -Wall -fstack-usage -fcyclomatic-complexity -MMD -MP -MF"Core/Src/main.d" -MT"Core/Src/main.o" --specs=nano.specs -mfpu=fpv4-sp-d16 -mfloat-abi=hard -mthumb -o "Core/Src/main.o"
arm-none-eabi-gcc -o "blinkLED.elf" @"objects.list"   -mcpu=cortex-m4 -T"C:\Users\USER\STM32CubeIDE\workspace_school\blinkLED\STM32L4A6ZGTX_FLASH.ld" --specs=nosys.specs -Wl,-Map="blinkLED.map" -Wl,--gc-sections -static --specs=nano.specs -mfpu=fpv4-sp-d16 -mfloat-abi=hard -mthumb -Wl,--start-group -lc -lm -Wl,--end-group
Finished building target: blinkLED.elf
 
arm-none-eabi-size  blinkLED.elf 
arm-none-eabi-objdump -h -S blinkLED.elf  > "blinkLED.list"
   text	   data	    bss	    dec	    hex	filename
   5256	     12	   1572	   6840	   1ab8	blinkLED.elf
Finished building: default.size.stdout
 
Finished building: blinkLED.list
 

14:00:49 Build Finished. 0 errors, 0 warnings. (took 1s.661ms)

