18:43:01 **** Incremental Build of configuration Debug for project functiongenerator ****
make -j8 all 
arm-none-eabi-gcc "../Core/Src/main.c" -mcpu=cortex-m4 -std=gnu11 -g3 -DDEBUG -DUSE_HAL_DRIVER -DSTM32L476xx -c -I../Core/Inc -I../Drivers/STM32L4xx_HAL_Driver/Inc -I../Drivers/STM32L4xx_HAL_Driver/Inc/Legacy -I../Drivers/CMSIS/Device/ST/STM32L4xx/Include -I../Drivers/CMSIS/Include -O0 -ffunction-sections -fdata-sections -Wall -fstack-usage -fcyclomatic-complexity -MMD -MP -MF"Core/Src/main.d" -MT"Core/Src/main.o" --specs=nano.specs -mfpu=fpv4-sp-d16 -mfloat-abi=hard -mthumb -o "Core/Src/main.o"
arm-none-eabi-gcc -o "functiongenerator.elf" @"objects.list"   -mcpu=cortex-m4 -T"C:\Users\USER\STM32CubeIDE\workspace_school\functiongenerator\STM32L476RGTX_FLASH.ld" --specs=nosys.specs -Wl,-Map="functiongenerator.map" -Wl,--gc-sections -static --specs=nano.specs -mfpu=fpv4-sp-d16 -mfloat-abi=hard -mthumb -Wl,--start-group -lc -lm -Wl,--end-group
Finished building target: functiongenerator.elf
 
arm-none-eabi-size  functiongenerator.elf 
arm-none-eabi-objdump -h -S functiongenerator.elf  > "functiongenerator.list"
   text	   data	    bss	    dec	    hex	filename
  14096	     32	  85576	  99704	  18578	functiongenerator.elf
Finished building: default.size.stdout
 
Finished building: functiongenerator.list
 

18:43:03 Build Finished. 0 errors, 0 warnings. (took 1s.426ms)

