13:15:53 **** Incremental Build of configuration Debug for project PROJECT2KEYPAD ****
make -j8 all 
arm-none-eabi-gcc "../Core/Src/main.c" -mcpu=cortex-m4 -std=gnu11 -g3 -DDEBUG -DUSE_HAL_DRIVER -DSTM32L476xx -c -I../Core/Inc -I../Drivers/STM32L4xx_HAL_Driver/Inc -I../Drivers/STM32L4xx_HAL_Driver/Inc/Legacy -I../Drivers/CMSIS/Device/ST/STM32L4xx/Include -I../Drivers/CMSIS/Include -O0 -ffunction-sections -fdata-sections -Wall -fstack-usage -fcyclomatic-complexity -MMD -MP -MF"Core/Src/main.d" -MT"Core/Src/main.o" --specs=nano.specs -mfpu=fpv4-sp-d16 -mfloat-abi=hard -mthumb -o "Core/Src/main.o"
../Core/Src/main.c: In function 'main':
../Core/Src/main.c:61:18: warning: implicit declaration of function 'getKeypadNumber' [-Wimplicit-function-declaration]
   61 |     int number = getKeypadNumber();
      |                  ^~~~~~~~~~~~~~~
../Core/Src/main.c: At top level:
../Core/Src/main.c:7:12: warning: 'keypad' defined but not used [-Wunused-variable]
    7 | static int keypad[4][4] = {
      |            ^~~~~~
arm-none-eabi-gcc -o "PROJECT2KEYPAD.elf" @"objects.list"   -mcpu=cortex-m4 -T"C:\Users\USER\STM32CubeIDE\workspace_school\PROJECT2KEYPAD\STM32L476RGTX_FLASH.ld" --specs=nosys.specs -Wl,-Map="PROJECT2KEYPAD.map" -Wl,--gc-sections -static --specs=nano.specs -mfpu=fpv4-sp-d16 -mfloat-abi=hard -mthumb -Wl,--start-group -lc -lm -Wl,--end-group
C:/Users/USER/Downloads/STM32CubeIDE_1.15.1/STM32CubeIDE/plugins/com.st.stm32cube.ide.mcu.externaltools.gnu-tools-for-stm32.12.3.rel1.win32_1.0.100.202403111256/tools/bin/../lib/gcc/arm-none-eabi/12.3.1/../../../../arm-none-eabi/bin/ld.exe: ./Core/Src/main.o: in function `main':
C:/Users/USER/STM32CubeIDE/workspace_school/PROJECT2KEYPAD/Debug/../Core/Src/main.c:61: undefined reference to `getKeypadNumber'
collect2.exe: error: ld returned 1 exit status
make: *** [makefile:64: PROJECT2KEYPAD.elf] Error 1
"make -j8 all" terminated with exit code 2. Build might be incomplete.
13:16:04 **** Incremental Build of configuration Debug for project PROJECT2KEYPAD ****
make -j8 all 
arm-none-eabi-gcc "../Core/Src/main.c" -mcpu=cortex-m4 -std=gnu11 -g3 -DDEBUG -DUSE_HAL_DRIVER -DSTM32L476xx -c -I../Core/Inc -I../Drivers/STM32L4xx_HAL_Driver/Inc -I../Drivers/STM32L4xx_HAL_Driver/Inc/Legacy -I../Drivers/CMSIS/Device/ST/STM32L4xx/Include -I../Drivers/CMSIS/Include -O0 -ffunction-sections -fdata-sections -Wall -fstack-usage -fcyclomatic-complexity -MMD -MP -MF"Core/Src/main.d" -MT"Core/Src/main.o" --specs=nano.specs -mfpu=fpv4-sp-d16 -mfloat-abi=hard -mthumb -o "Core/Src/main.o"
../Core/Src/main.c:21:1: error: expected ',' or ';' before 'void'
   21 | void keypad_init(void) {
      | ^~~~
../Core/Src/main.c: In function 'main':
../Core/Src/main.c:57:3: warning: implicit declaration of function 'keypad_init' [-Wimplicit-function-declaration]
   57 |   keypad_init();
      |   ^~~~~~~~~~~
../Core/Src/main.c:61:18: warning: implicit declaration of function 'getKeypadNumber' [-Wimplicit-function-declaration]
   61 |     int number = getKeypadNumber();
      |                  ^~~~~~~~~~~~~~~
../Core/Src/main.c: At top level:
../Core/Src/main.c:7:12: warning: 'keypad' defined but not used [-Wunused-variable]
    7 | static int keypad[4][4] = {
      |            ^~~~~~
make: *** [Core/Src/subdir.mk:34: Core/Src/main.o] Error 1
"make -j8 all" terminated with exit code 2. Build might be incomplete.
17:48:17 **** Build of configuration Debug for project PROJECT2KEYPAD ****
make -j8 all 
arm-none-eabi-gcc "../Core/Src/main.c" -mcpu=cortex-m4 -std=gnu11 -g3 -DDEBUG -DUSE_HAL_DRIVER -DSTM32L476xx -c -I../Core/Inc -I../Drivers/STM32L4xx_HAL_Driver/Inc -I../Drivers/STM32L4xx_HAL_Driver/Inc/Legacy -I../Drivers/CMSIS/Device/ST/STM32L4xx/Include -I../Drivers/CMSIS/Include -O0 -ffunction-sections -fdata-sections -Wall -fstack-usage -fcyclomatic-complexity -MMD -MP -MF"Core/Src/main.d" -MT"Core/Src/main.o" --specs=nano.specs -mfpu=fpv4-sp-d16 -mfloat-abi=hard -mthumb -o "Core/Src/main.o"
../Core/Src/main.c:7:12: error: array type has incomplete element type 'int[]'
    7 | static int keypad[][] = {
      |            ^~~~~~
../Core/Src/main.c:7:12: note: declaration of 'keypad' as multidimensional array must have bounds for all dimensions except the first
../Core/Src/main.c:21:1: error: expected ',' or ';' before 'void'
   21 | void keypad_init(void) {
      | ^~~~
../Core/Src/main.c: In function 'getKeypadNumber':
../Core/Src/main.c:17:19: error: 'GPIO_IDR_OD4' undeclared (first use in this function); did you mean 'GPIO_IDR_ID4'?
   17 | #define COL_PORT (GPIO_IDR_OD4 | GPIO_IDR_OD5 | GPIO_IDR_OD6 | GPIO_IDR_OD7)
      |                   ^~~~~~~~~~~~
../Core/Src/main.c:54:26: note: in expansion of macro 'COL_PORT'
   54 |         if((GPIOC->IDR & COL_PORT) != 0){
      |                          ^~~~~~~~
../Core/Src/main.c:17:19: note: each undeclared identifier is reported only once for each function it appears in
   17 | #define COL_PORT (GPIO_IDR_OD4 | GPIO_IDR_OD5 | GPIO_IDR_OD6 | GPIO_IDR_OD7)
      |                   ^~~~~~~~~~~~
../Core/Src/main.c:54:26: note: in expansion of macro 'COL_PORT'
   54 |         if((GPIOC->IDR & COL_PORT) != 0){
      |                          ^~~~~~~~
../Core/Src/main.c:17:34: error: 'GPIO_IDR_OD5' undeclared (first use in this function); did you mean 'GPIO_IDR_ID5'?
   17 | #define COL_PORT (GPIO_IDR_OD4 | GPIO_IDR_OD5 | GPIO_IDR_OD6 | GPIO_IDR_OD7)
      |                                  ^~~~~~~~~~~~
../Core/Src/main.c:54:26: note: in expansion of macro 'COL_PORT'
   54 |         if((GPIOC->IDR & COL_PORT) != 0){
      |                          ^~~~~~~~
../Core/Src/main.c:17:49: error: 'GPIO_IDR_OD6' undeclared (first use in this function); did you mean 'GPIO_ODR_OD6'?
   17 | #define COL_PORT (GPIO_IDR_OD4 | GPIO_IDR_OD5 | GPIO_IDR_OD6 | GPIO_IDR_OD7)
      |                                                 ^~~~~~~~~~~~
../Core/Src/main.c:54:26: note: in expansion of macro 'COL_PORT'
   54 |         if((GPIOC->IDR & COL_PORT) != 0){
      |                          ^~~~~~~~
../Core/Src/main.c:17:64: error: 'GPIO_IDR_OD7' undeclared (first use in this function); did you mean 'GPIO_ODR_OD7'?
   17 | #define COL_PORT (GPIO_IDR_OD4 | GPIO_IDR_OD5 | GPIO_IDR_OD6 | GPIO_IDR_OD7)
      |                                                                ^~~~~~~~~~~~
../Core/Src/main.c:54:26: note: in expansion of macro 'COL_PORT'
   54 |         if((GPIOC->IDR & COL_PORT) != 0){
      |                          ^~~~~~~~
../Core/Src/main.c:58:49: warning: suggest parentheses around '+' inside '<<' [-Wparentheses]
   58 |                         GPIOC->ODR |= (1 << col + 4); // +4 because GPIOC PC4 - PC7 is used
      |                                             ~~~~^~~
../Core/Src/main.c:61:33: error: 'row' undeclared (first use in this function)
   61 |                                 row = getKeypadResult(GPIOC->IDR & ROW_PORT);
      |                                 ^~~
../Core/Src/main.c: In function 'main':
../Core/Src/main.c:92:3: warning: implicit declaration of function 'keypad_init' [-Wimplicit-function-declaration]
   92 |   keypad_init();
      |   ^~~~~~~~~~~
../Core/Src/main.c:17:19: error: 'GPIO_IDR_OD4' undeclared (first use in this function); did you mean 'GPIO_IDR_ID4'?
   17 | #define COL_PORT (GPIO_IDR_OD4 | GPIO_IDR_OD5 | GPIO_IDR_OD6 | GPIO_IDR_OD7)
      |                   ^~~~~~~~~~~~
../Core/Src/main.c:102:37: note: in expansion of macro 'COL_PORT'
  102 |       GPIOA->ODR = (number << 4) & (COL_PORT);
      |                                     ^~~~~~~~
../Core/Src/main.c:17:34: error: 'GPIO_IDR_OD5' undeclared (first use in this function); did you mean 'GPIO_IDR_ID5'?
   17 | #define COL_PORT (GPIO_IDR_OD4 | GPIO_IDR_OD5 | GPIO_IDR_OD6 | GPIO_IDR_OD7)
      |                                  ^~~~~~~~~~~~
../Core/Src/main.c:102:37: note: in expansion of macro 'COL_PORT'
  102 |       GPIOA->ODR = (number << 4) & (COL_PORT);
      |                                     ^~~~~~~~
../Core/Src/main.c:17:49: error: 'GPIO_IDR_OD6' undeclared (first use in this function); did you mean 'GPIO_ODR_OD6'?
   17 | #define COL_PORT (GPIO_IDR_OD4 | GPIO_IDR_OD5 | GPIO_IDR_OD6 | GPIO_IDR_OD7)
      |                                                 ^~~~~~~~~~~~
../Core/Src/main.c:102:37: note: in expansion of macro 'COL_PORT'
  102 |       GPIOA->ODR = (number << 4) & (COL_PORT);
      |                                     ^~~~~~~~
../Core/Src/main.c:17:64: error: 'GPIO_IDR_OD7' undeclared (first use in this function); did you mean 'GPIO_ODR_OD7'?
   17 | #define COL_PORT (GPIO_IDR_OD4 | GPIO_IDR_OD5 | GPIO_IDR_OD6 | GPIO_IDR_OD7)
      |                                                                ^~~~~~~~~~~~
../Core/Src/main.c:102:37: note: in expansion of macro 'COL_PORT'
  102 |       GPIOA->ODR = (number << 4) & (COL_PORT);
      |                                     ^~~~~~~~
../Core/Src/main.c: At top level:
../Core/Src/main.c:7:12: warning: 'keypad' defined but not used [-Wunused-variable]
    7 | static int keypad[][] = {
      |            ^~~~~~
make: *** [Core/Src/subdir.mk:34: Core/Src/main.o] Error 1
"make -j8 all" terminated with exit code 2. Build might be incomplete.
17:49:31 **** Incremental Build of configuration Debug for project PROJECT2KEYPAD ****
make -j8 all 
arm-none-eabi-gcc "../Core/Src/main.c" -mcpu=cortex-m4 -std=gnu11 -g3 -DDEBUG -DUSE_HAL_DRIVER -DSTM32L476xx -c -I../Core/Inc -I../Drivers/STM32L4xx_HAL_Driver/Inc -I../Drivers/STM32L4xx_HAL_Driver/Inc/Legacy -I../Drivers/CMSIS/Device/ST/STM32L4xx/Include -I../Drivers/CMSIS/Include -O0 -ffunction-sections -fdata-sections -Wall -fstack-usage -fcyclomatic-complexity -MMD -MP -MF"Core/Src/main.d" -MT"Core/Src/main.o" --specs=nano.specs -mfpu=fpv4-sp-d16 -mfloat-abi=hard -mthumb -o "Core/Src/main.o"
../Core/Src/main.c:21:1: error: expected ',' or ';' before 'void'
   21 | void keypad_init(void) {
      | ^~~~
../Core/Src/main.c: In function 'getKeypadNumber':
../Core/Src/main.c:58:49: warning: suggest parentheses around '+' inside '<<' [-Wparentheses]
   58 |                         GPIOC->ODR |= (1 << col + 4); // +4 because GPIOC PC4 - PC7 is used
      |                                             ~~~~^~~
../Core/Src/main.c:61:33: error: 'row' undeclared (first use in this function)
   61 |                                 row = getKeypadResult(GPIOC->IDR & ROW_PORT);
      |                                 ^~~
../Core/Src/main.c:61:33: note: each undeclared identifier is reported only once for each function it appears in
../Core/Src/main.c: In function 'main':
../Core/Src/main.c:92:3: warning: implicit declaration of function 'keypad_init' [-Wimplicit-function-declaration]
   92 |   keypad_init();
      |   ^~~~~~~~~~~
make: *** [Core/Src/subdir.mk:34: Core/Src/main.o] Error 1
"make -j8 all" terminated with exit code 2. Build might be incomplete.
17:52:38 **** Incremental Build of configuration Debug for project PROJECT2KEYPAD ****
make -j8 all 
arm-none-eabi-gcc "../Core/Src/main.c" -mcpu=cortex-m4 -std=gnu11 -g3 -DDEBUG -DUSE_HAL_DRIVER -DSTM32L476xx -c -I../Core/Inc -I../Drivers/STM32L4xx_HAL_Driver/Inc -I../Drivers/STM32L4xx_HAL_Driver/Inc/Legacy -I../Drivers/CMSIS/Device/ST/STM32L4xx/Include -I../Drivers/CMSIS/Include -O0 -ffunction-sections -fdata-sections -Wall -fstack-usage -fcyclomatic-complexity -MMD -MP -MF"Core/Src/main.d" -MT"Core/Src/main.o" --specs=nano.specs -mfpu=fpv4-sp-d16 -mfloat-abi=hard -mthumb -o "Core/Src/main.o"
../Core/Src/main.c:21:1: error: expected ',' or ';' before 'void'
   21 | void keypad_init(void) {
      | ^~~~
../Core/Src/main.c: In function 'getKeypadNumber':
../Core/Src/main.c:58:49: warning: suggest parentheses around '+' inside '<<' [-Wparentheses]
   58 |                         GPIOC->ODR |= (1 << col + 4); // +4 because GPIOC PC4 - PC7 is used
      |                                             ~~~~^~~
../Core/Src/main.c: In function 'main':
../Core/Src/main.c:92:3: warning: implicit declaration of function 'keypad_init' [-Wimplicit-function-declaration]
   92 |   keypad_init();
      |   ^~~~~~~~~~~
make: *** [Core/Src/subdir.mk:34: Core/Src/main.o] Error 1
"make -j8 all" terminated with exit code 2. Build might be incomplete.
17:53:31 **** Incremental Build of configuration Debug for project PROJECT2KEYPAD ****
make -j8 all 
arm-none-eabi-gcc "../Core/Src/main.c" -mcpu=cortex-m4 -std=gnu11 -g3 -DDEBUG -DUSE_HAL_DRIVER -DSTM32L476xx -c -I../Core/Inc -I../Drivers/STM32L4xx_HAL_Driver/Inc -I../Drivers/STM32L4xx_HAL_Driver/Inc/Legacy -I../Drivers/CMSIS/Device/ST/STM32L4xx/Include -I../Drivers/CMSIS/Include -O0 -ffunction-sections -fdata-sections -Wall -fstack-usage -fcyclomatic-complexity -MMD -MP -MF"Core/Src/main.d" -MT"Core/Src/main.o" --specs=nano.specs -mfpu=fpv4-sp-d16 -mfloat-abi=hard -mthumb -o "Core/Src/main.o"
../Core/Src/main.c:21:1: error: expected ',' or ';' before 'void'
   21 | void keypad_init(void) {
      | ^~~~
../Core/Src/main.c: In function 'main':
../Core/Src/main.c:92:3: warning: implicit declaration of function 'keypad_init' [-Wimplicit-function-declaration]
   92 |   keypad_init();
      |   ^~~~~~~~~~~
make: *** [Core/Src/subdir.mk:34: Core/Src/main.o] Error 1
"make -j8 all" terminated with exit code 2. Build might be incomplete.
17:54:54 **** Incremental Build of configuration Debug for project PROJECT2KEYPAD ****
make -j8 all 
arm-none-eabi-gcc "../Core/Src/main.c" -mcpu=cortex-m4 -std=gnu11 -g3 -DDEBUG -DUSE_HAL_DRIVER -DSTM32L476xx -c -I../Core/Inc -I../Drivers/STM32L4xx_HAL_Driver/Inc -I../Drivers/STM32L4xx_HAL_Driver/Inc/Legacy -I../Drivers/CMSIS/Device/ST/STM32L4xx/Include -I../Drivers/CMSIS/Include -O0 -ffunction-sections -fdata-sections -Wall -fstack-usage -fcyclomatic-complexity -MMD -MP -MF"Core/Src/main.d" -MT"Core/Src/main.o" --specs=nano.specs -mfpu=fpv4-sp-d16 -mfloat-abi=hard -mthumb -o "Core/Src/main.o"
../Core/Src/main.c:19:1: error: expected ',' or ';' before 'void'
   19 | void keypad_init(void) {
      | ^~~~
../Core/Src/main.c: In function 'main':
../Core/Src/main.c:90:3: warning: implicit declaration of function 'keypad_init' [-Wimplicit-function-declaration]
   90 |   keypad_init();
      |   ^~~~~~~~~~~
make: *** [Core/Src/subdir.mk:34: Core/Src/main.o] Error 1
"make -j8 all" terminated with exit code 2. Build might be incomplete.
17:55:08 **** Incremental Build of configuration Debug for project PROJECT2KEYPAD ****
make -j8 all 
arm-none-eabi-gcc "../Core/Src/main.c" -mcpu=cortex-m4 -std=gnu11 -g3 -DDEBUG -DUSE_HAL_DRIVER -DSTM32L476xx -c -I../Core/Inc -I../Drivers/STM32L4xx_HAL_Driver/Inc -I../Drivers/STM32L4xx_HAL_Driver/Inc/Legacy -I../Drivers/CMSIS/Device/ST/STM32L4xx/Include -I../Drivers/CMSIS/Include -O0 -ffunction-sections -fdata-sections -Wall -fstack-usage -fcyclomatic-complexity -MMD -MP -MF"Core/Src/main.d" -MT"Core/Src/main.o" --specs=nano.specs -mfpu=fpv4-sp-d16 -mfloat-abi=hard -mthumb -o "Core/Src/main.o"
arm-none-eabi-gcc -o "PROJECT2KEYPAD.elf" @"objects.list"   -mcpu=cortex-m4 -T"C:\Users\USER\STM32CubeIDE\workspace_school\PROJECT2KEYPAD\STM32L476RGTX_FLASH.ld" --specs=nosys.specs -Wl,-Map="PROJECT2KEYPAD.map" -Wl,--gc-sections -static --specs=nano.specs -mfpu=fpv4-sp-d16 -mfloat-abi=hard -mthumb -Wl,--start-group -lc -lm -Wl,--end-group
Finished building target: PROJECT2KEYPAD.elf
 
arm-none-eabi-size  PROJECT2KEYPAD.elf 
arm-none-eabi-objdump -h -S PROJECT2KEYPAD.elf  > "PROJECT2KEYPAD.list"
   text	   data	    bss	    dec	    hex	filename
   5208	     76	   1572	   6856	   1ac8	PROJECT2KEYPAD.elf
Finished building: default.size.stdout
 
Finished building: PROJECT2KEYPAD.list
 
17:55:50 **** Incremental Build of configuration Debug for project PROJECT2KEYPAD ****
make -j8 all 
arm-none-eabi-size  PROJECT2KEYPAD.elf 
   text	   data	    bss	    dec	    hex	filename
   5208	     76	   1572	   6856	   1ac8	PROJECT2KEYPAD.elf
Finished building: default.size.stdout
 
17:56:21 **** Incremental Build of configuration Debug for project PROJECT2KEYPAD ****
make -j8 all 
arm-none-eabi-size  PROJECT2KEYPAD.elf 
   text	   data	    bss	    dec	    hex	filename
   5208	     76	   1572	   6856	   1ac8	PROJECT2KEYPAD.elf
Finished building: default.size.stdout
 
17:58:06 **** Incremental Build of configuration Debug for project PROJECT2KEYPAD ****
make -j8 all 
arm-none-eabi-size  PROJECT2KEYPAD.elf 
   text	   data	    bss	    dec	    hex	filename
   5208	     76	   1572	   6856	   1ac8	PROJECT2KEYPAD.elf
Finished building: default.size.stdout
 
18:00:56 **** Incremental Build of configuration Debug for project PROJECT2KEYPAD ****
make -j8 all 
arm-none-eabi-gcc "../Core/Src/main.c" -mcpu=cortex-m4 -std=gnu11 -g3 -DDEBUG -DUSE_HAL_DRIVER -DSTM32L476xx -c -I../Core/Inc -I../Drivers/STM32L4xx_HAL_Driver/Inc -I../Drivers/STM32L4xx_HAL_Driver/Inc/Legacy -I../Drivers/CMSIS/Device/ST/STM32L4xx/Include -I../Drivers/CMSIS/Include -O0 -ffunction-sections -fdata-sections -Wall -fstack-usage -fcyclomatic-complexity -MMD -MP -MF"Core/Src/main.d" -MT"Core/Src/main.o" --specs=nano.specs -mfpu=fpv4-sp-d16 -mfloat-abi=hard -mthumb -o "Core/Src/main.o"
arm-none-eabi-gcc -o "PROJECT2KEYPAD.elf" @"objects.list"   -mcpu=cortex-m4 -T"C:\Users\USER\STM32CubeIDE\workspace_school\PROJECT2KEYPAD\STM32L476RGTX_FLASH.ld" --specs=nosys.specs -Wl,-Map="PROJECT2KEYPAD.map" -Wl,--gc-sections -static --specs=nano.specs -mfpu=fpv4-sp-d16 -mfloat-abi=hard -mthumb -Wl,--start-group -lc -lm -Wl,--end-group
Finished building target: PROJECT2KEYPAD.elf
 
arm-none-eabi-size  PROJECT2KEYPAD.elf 
arm-none-eabi-objdump -h -S PROJECT2KEYPAD.elf  > "PROJECT2KEYPAD.list"
   text	   data	    bss	    dec	    hex	filename
   5208	     76	   1572	   6856	   1ac8	PROJECT2KEYPAD.elf
Finished building: default.size.stdout
 
Finished building: PROJECT2KEYPAD.list
 
18:02:21 **** Incremental Build of configuration Debug for project PROJECT2KEYPAD ****
make -j8 all 
arm-none-eabi-gcc "../Core/Src/main.c" -mcpu=cortex-m4 -std=gnu11 -g3 -DDEBUG -DUSE_HAL_DRIVER -DSTM32L476xx -c -I../Core/Inc -I../Drivers/STM32L4xx_HAL_Driver/Inc -I../Drivers/STM32L4xx_HAL_Driver/Inc/Legacy -I../Drivers/CMSIS/Device/ST/STM32L4xx/Include -I../Drivers/CMSIS/Include -O0 -ffunction-sections -fdata-sections -Wall -fstack-usage -fcyclomatic-complexity -MMD -MP -MF"Core/Src/main.d" -MT"Core/Src/main.o" --specs=nano.specs -mfpu=fpv4-sp-d16 -mfloat-abi=hard -mthumb -o "Core/Src/main.o"
arm-none-eabi-gcc -o "PROJECT2KEYPAD.elf" @"objects.list"   -mcpu=cortex-m4 -T"C:\Users\USER\STM32CubeIDE\workspace_school\PROJECT2KEYPAD\STM32L476RGTX_FLASH.ld" --specs=nosys.specs -Wl,-Map="PROJECT2KEYPAD.map" -Wl,--gc-sections -static --specs=nano.specs -mfpu=fpv4-sp-d16 -mfloat-abi=hard -mthumb -Wl,--start-group -lc -lm -Wl,--end-group
Finished building target: PROJECT2KEYPAD.elf
 
arm-none-eabi-size  PROJECT2KEYPAD.elf 
arm-none-eabi-objdump -h -S PROJECT2KEYPAD.elf  > "PROJECT2KEYPAD.list"
   text	   data	    bss	    dec	    hex	filename
   5208	     76	   1572	   6856	   1ac8	PROJECT2KEYPAD.elf
Finished building: default.size.stdout
 
Finished building: PROJECT2KEYPAD.list
 
18:02:58 **** Incremental Build of configuration Debug for project PROJECT2KEYPAD ****
make -j8 all 
arm-none-eabi-size  PROJECT2KEYPAD.elf 
   text	   data	    bss	    dec	    hex	filename
   5208	     76	   1572	   6856	   1ac8	PROJECT2KEYPAD.elf
Finished building: default.size.stdout
 
18:06:15 **** Incremental Build of configuration Debug for project PROJECT2KEYPAD ****
make -j8 all 
arm-none-eabi-gcc "../Core/Src/main.c" -mcpu=cortex-m4 -std=gnu11 -g3 -DDEBUG -DUSE_HAL_DRIVER -DSTM32L476xx -c -I../Core/Inc -I../Drivers/STM32L4xx_HAL_Driver/Inc -I../Drivers/STM32L4xx_HAL_Driver/Inc/Legacy -I../Drivers/CMSIS/Device/ST/STM32L4xx/Include -I../Drivers/CMSIS/Include -O0 -ffunction-sections -fdata-sections -Wall -fstack-usage -fcyclomatic-complexity -MMD -MP -MF"Core/Src/main.d" -MT"Core/Src/main.o" --specs=nano.specs -mfpu=fpv4-sp-d16 -mfloat-abi=hard -mthumb -o "Core/Src/main.o"
arm-none-eabi-gcc -o "PROJECT2KEYPAD.elf" @"objects.list"   -mcpu=cortex-m4 -T"C:\Users\USER\STM32CubeIDE\workspace_school\PROJECT2KEYPAD\STM32L476RGTX_FLASH.ld" --specs=nosys.specs -Wl,-Map="PROJECT2KEYPAD.map" -Wl,--gc-sections -static --specs=nano.specs -mfpu=fpv4-sp-d16 -mfloat-abi=hard -mthumb -Wl,--start-group -lc -lm -Wl,--end-group
Finished building target: PROJECT2KEYPAD.elf
 
arm-none-eabi-size  PROJECT2KEYPAD.elf 
arm-none-eabi-objdump -h -S PROJECT2KEYPAD.elf  > "PROJECT2KEYPAD.list"
   text	   data	    bss	    dec	    hex	filename
   5208	     76	   1572	   6856	   1ac8	PROJECT2KEYPAD.elf
Finished building: default.size.stdout
 
Finished building: PROJECT2KEYPAD.list
 
18:09:13 **** Incremental Build of configuration Debug for project PROJECT2KEYPAD ****
make -j8 all 
arm-none-eabi-gcc "../Core/Src/main.c" -mcpu=cortex-m4 -std=gnu11 -g3 -DDEBUG -DUSE_HAL_DRIVER -DSTM32L476xx -c -I../Core/Inc -I../Drivers/STM32L4xx_HAL_Driver/Inc -I../Drivers/STM32L4xx_HAL_Driver/Inc/Legacy -I../Drivers/CMSIS/Device/ST/STM32L4xx/Include -I../Drivers/CMSIS/Include -O0 -ffunction-sections -fdata-sections -Wall -fstack-usage -fcyclomatic-complexity -MMD -MP -MF"Core/Src/main.d" -MT"Core/Src/main.o" --specs=nano.specs -mfpu=fpv4-sp-d16 -mfloat-abi=hard -mthumb -o "Core/Src/main.o"
arm-none-eabi-gcc -o "PROJECT2KEYPAD.elf" @"objects.list"   -mcpu=cortex-m4 -T"C:\Users\USER\STM32CubeIDE\workspace_school\PROJECT2KEYPAD\STM32L476RGTX_FLASH.ld" --specs=nosys.specs -Wl,-Map="PROJECT2KEYPAD.map" -Wl,--gc-sections -static --specs=nano.specs -mfpu=fpv4-sp-d16 -mfloat-abi=hard -mthumb -Wl,--start-group -lc -lm -Wl,--end-group
Finished building target: PROJECT2KEYPAD.elf
 
arm-none-eabi-size  PROJECT2KEYPAD.elf 
arm-none-eabi-objdump -h -S PROJECT2KEYPAD.elf  > "PROJECT2KEYPAD.list"
   text	   data	    bss	    dec	    hex	filename
   5220	     76	   1572	   6868	   1ad4	PROJECT2KEYPAD.elf
Finished building: default.size.stdout
 
Finished building: PROJECT2KEYPAD.list
 
18:09:46 **** Incremental Build of configuration Debug for project PROJECT2KEYPAD ****
make -j8 all 
arm-none-eabi-size  PROJECT2KEYPAD.elf 
   text	   data	    bss	    dec	    hex	filename
   5220	     76	   1572	   6868	   1ad4	PROJECT2KEYPAD.elf
Finished building: default.size.stdout
 
18:09:52 **** Incremental Build of configuration Debug for project PROJECT2KEYPAD ****
make -j8 all 
arm-none-eabi-size  PROJECT2KEYPAD.elf 
   text	   data	    bss	    dec	    hex	filename
   5220	     76	   1572	   6868	   1ad4	PROJECT2KEYPAD.elf
Finished building: default.size.stdout
 
18:14:46 **** Incremental Build of configuration Debug for project PROJECT2KEYPAD ****
make -j8 all 
arm-none-eabi-gcc "../Core/Src/main.c" -mcpu=cortex-m4 -std=gnu11 -g3 -DDEBUG -DUSE_HAL_DRIVER -DSTM32L476xx -c -I../Core/Inc -I../Drivers/STM32L4xx_HAL_Driver/Inc -I../Drivers/STM32L4xx_HAL_Driver/Inc/Legacy -I../Drivers/CMSIS/Device/ST/STM32L4xx/Include -I../Drivers/CMSIS/Include -O0 -ffunction-sections -fdata-sections -Wall -fstack-usage -fcyclomatic-complexity -MMD -MP -MF"Core/Src/main.d" -MT"Core/Src/main.o" --specs=nano.specs -mfpu=fpv4-sp-d16 -mfloat-abi=hard -mthumb -o "Core/Src/main.o"
arm-none-eabi-gcc -o "PROJECT2KEYPAD.elf" @"objects.list"   -mcpu=cortex-m4 -T"C:\Users\USER\STM32CubeIDE\workspace_school\PROJECT2KEYPAD\STM32L476RGTX_FLASH.ld" --specs=nosys.specs -Wl,-Map="PROJECT2KEYPAD.map" -Wl,--gc-sections -static --specs=nano.specs -mfpu=fpv4-sp-d16 -mfloat-abi=hard -mthumb -Wl,--start-group -lc -lm -Wl,--end-group
Finished building target: PROJECT2KEYPAD.elf
 
arm-none-eabi-size  PROJECT2KEYPAD.elf 
arm-none-eabi-objdump -h -S PROJECT2KEYPAD.elf  > "PROJECT2KEYPAD.list"
   text	   data	    bss	    dec	    hex	filename
   5220	     76	   1572	   6868	   1ad4	PROJECT2KEYPAD.elf
Finished building: default.size.stdout
 
Finished building: PROJECT2KEYPAD.list
 
18:17:54 **** Incremental Build of configuration Debug for project PROJECT2KEYPAD ****
make -j8 all 
arm-none-eabi-gcc "../Core/Src/main.c" -mcpu=cortex-m4 -std=gnu11 -g3 -DDEBUG -DUSE_HAL_DRIVER -DSTM32L476xx -c -I../Core/Inc -I../Drivers/STM32L4xx_HAL_Driver/Inc -I../Drivers/STM32L4xx_HAL_Driver/Inc/Legacy -I../Drivers/CMSIS/Device/ST/STM32L4xx/Include -I../Drivers/CMSIS/Include -O0 -ffunction-sections -fdata-sections -Wall -fstack-usage -fcyclomatic-complexity -MMD -MP -MF"Core/Src/main.d" -MT"Core/Src/main.o" --specs=nano.specs -mfpu=fpv4-sp-d16 -mfloat-abi=hard -mthumb -o "Core/Src/main.o"
arm-none-eabi-gcc -o "PROJECT2KEYPAD.elf" @"objects.list"   -mcpu=cortex-m4 -T"C:\Users\USER\STM32CubeIDE\workspace_school\PROJECT2KEYPAD\STM32L476RGTX_FLASH.ld" --specs=nosys.specs -Wl,-Map="PROJECT2KEYPAD.map" -Wl,--gc-sections -static --specs=nano.specs -mfpu=fpv4-sp-d16 -mfloat-abi=hard -mthumb -Wl,--start-group -lc -lm -Wl,--end-group
Finished building target: PROJECT2KEYPAD.elf
 
arm-none-eabi-size  PROJECT2KEYPAD.elf 
arm-none-eabi-objdump -h -S PROJECT2KEYPAD.elf  > "PROJECT2KEYPAD.list"
   text	   data	    bss	    dec	    hex	filename
   5220	     76	   1572	   6868	   1ad4	PROJECT2KEYPAD.elf
Finished building: default.size.stdout
 
Finished building: PROJECT2KEYPAD.list
 
18:18:21 **** Incremental Build of configuration Debug for project PROJECT2KEYPAD ****
make -j8 all 
arm-none-eabi-size  PROJECT2KEYPAD.elf 
   text	   data	    bss	    dec	    hex	filename
   5220	     76	   1572	   6868	   1ad4	PROJECT2KEYPAD.elf
Finished building: default.size.stdout
 
18:27:36 **** Incremental Build of configuration Debug for project PROJECT2KEYPAD ****
make -j8 all 
arm-none-eabi-gcc "../Core/Src/main.c" -mcpu=cortex-m4 -std=gnu11 -g3 -DDEBUG -DUSE_HAL_DRIVER -DSTM32L476xx -c -I../Core/Inc -I../Drivers/STM32L4xx_HAL_Driver/Inc -I../Drivers/STM32L4xx_HAL_Driver/Inc/Legacy -I../Drivers/CMSIS/Device/ST/STM32L4xx/Include -I../Drivers/CMSIS/Include -O0 -ffunction-sections -fdata-sections -Wall -fstack-usage -fcyclomatic-complexity -MMD -MP -MF"Core/Src/main.d" -MT"Core/Src/main.o" --specs=nano.specs -mfpu=fpv4-sp-d16 -mfloat-abi=hard -mthumb -o "Core/Src/main.o"
arm-none-eabi-gcc -o "PROJECT2KEYPAD.elf" @"objects.list"   -mcpu=cortex-m4 -T"C:\Users\USER\STM32CubeIDE\workspace_school\PROJECT2KEYPAD\STM32L476RGTX_FLASH.ld" --specs=nosys.specs -Wl,-Map="PROJECT2KEYPAD.map" -Wl,--gc-sections -static --specs=nano.specs -mfpu=fpv4-sp-d16 -mfloat-abi=hard -mthumb -Wl,--start-group -lc -lm -Wl,--end-group
Finished building target: PROJECT2KEYPAD.elf
 
arm-none-eabi-size  PROJECT2KEYPAD.elf 
arm-none-eabi-objdump -h -S PROJECT2KEYPAD.elf  > "PROJECT2KEYPAD.list"
   text	   data	    bss	    dec	    hex	filename
   5216	     76	   1572	   6864	   1ad0	PROJECT2KEYPAD.elf
Finished building: default.size.stdout
 
Finished building: PROJECT2KEYPAD.list
 
18:31:26 **** Incremental Build of configuration Debug for project PROJECT2KEYPAD ****
make -j8 all 
arm-none-eabi-gcc "../Core/Src/main.c" -mcpu=cortex-m4 -std=gnu11 -g3 -DDEBUG -DUSE_HAL_DRIVER -DSTM32L476xx -c -I../Core/Inc -I../Drivers/STM32L4xx_HAL_Driver/Inc -I../Drivers/STM32L4xx_HAL_Driver/Inc/Legacy -I../Drivers/CMSIS/Device/ST/STM32L4xx/Include -I../Drivers/CMSIS/Include -O0 -ffunction-sections -fdata-sections -Wall -fstack-usage -fcyclomatic-complexity -MMD -MP -MF"Core/Src/main.d" -MT"Core/Src/main.o" --specs=nano.specs -mfpu=fpv4-sp-d16 -mfloat-abi=hard -mthumb -o "Core/Src/main.o"
arm-none-eabi-gcc -o "PROJECT2KEYPAD.elf" @"objects.list"   -mcpu=cortex-m4 -T"C:\Users\USER\STM32CubeIDE\workspace_school\PROJECT2KEYPAD\STM32L476RGTX_FLASH.ld" --specs=nosys.specs -Wl,-Map="PROJECT2KEYPAD.map" -Wl,--gc-sections -static --specs=nano.specs -mfpu=fpv4-sp-d16 -mfloat-abi=hard -mthumb -Wl,--start-group -lc -lm -Wl,--end-group
Finished building target: PROJECT2KEYPAD.elf
 
arm-none-eabi-size  PROJECT2KEYPAD.elf 
arm-none-eabi-objdump -h -S PROJECT2KEYPAD.elf  > "PROJECT2KEYPAD.list"
   text	   data	    bss	    dec	    hex	filename
   5216	     76	   1572	   6864	   1ad0	PROJECT2KEYPAD.elf
Finished building: default.size.stdout
 
Finished building: PROJECT2KEYPAD.list
 
18:31:30 **** Incremental Build of configuration Debug for project PROJECT2KEYPAD ****
make -j8 all 
arm-none-eabi-size  PROJECT2KEYPAD.elf 
   text	   data	    bss	    dec	    hex	filename
   5216	     76	   1572	   6864	   1ad0	PROJECT2KEYPAD.elf
Finished building: default.size.stdout
 
18:34:09 **** Incremental Build of configuration Debug for project PROJECT2KEYPAD ****
make -j8 all 
arm-none-eabi-size  PROJECT2KEYPAD.elf 
   text	   data	    bss	    dec	    hex	filename
   5216	     76	   1572	   6864	   1ad0	PROJECT2KEYPAD.elf
Finished building: default.size.stdout
 
18:34:45 **** Incremental Build of configuration Debug for project PROJECT2KEYPAD ****
make -j8 all 
arm-none-eabi-size  PROJECT2KEYPAD.elf 
   text	   data	    bss	    dec	    hex	filename
   5216	     76	   1572	   6864	   1ad0	PROJECT2KEYPAD.elf
Finished building: default.size.stdout
 
18:37:30 **** Incremental Build of configuration Debug for project PROJECT2KEYPAD ****
make -j8 all 
arm-none-eabi-gcc "../Core/Src/main.c" -mcpu=cortex-m4 -std=gnu11 -g3 -DDEBUG -DUSE_HAL_DRIVER -DSTM32L476xx -c -I../Core/Inc -I../Drivers/STM32L4xx_HAL_Driver/Inc -I../Drivers/STM32L4xx_HAL_Driver/Inc/Legacy -I../Drivers/CMSIS/Device/ST/STM32L4xx/Include -I../Drivers/CMSIS/Include -O0 -ffunction-sections -fdata-sections -Wall -fstack-usage -fcyclomatic-complexity -MMD -MP -MF"Core/Src/main.d" -MT"Core/Src/main.o" --specs=nano.specs -mfpu=fpv4-sp-d16 -mfloat-abi=hard -mthumb -o "Core/Src/main.o"
arm-none-eabi-gcc -o "PROJECT2KEYPAD.elf" @"objects.list"   -mcpu=cortex-m4 -T"C:\Users\USER\STM32CubeIDE\workspace_school\PROJECT2KEYPAD\STM32L476RGTX_FLASH.ld" --specs=nosys.specs -Wl,-Map="PROJECT2KEYPAD.map" -Wl,--gc-sections -static --specs=nano.specs -mfpu=fpv4-sp-d16 -mfloat-abi=hard -mthumb -Wl,--start-group -lc -lm -Wl,--end-group
Finished building target: PROJECT2KEYPAD.elf
 
arm-none-eabi-size  PROJECT2KEYPAD.elf 
arm-none-eabi-objdump -h -S PROJECT2KEYPAD.elf  > "PROJECT2KEYPAD.list"
   text	   data	    bss	    dec	    hex	filename
   5236	     76	   1572	   6884	   1ae4	PROJECT2KEYPAD.elf
Finished building: default.size.stdout
 
Finished building: PROJECT2KEYPAD.list
 
18:46:39 **** Build of configuration Debug for project PROJECT2KEYPAD ****
make -j8 all 
arm-none-eabi-size  PROJECT2KEYPAD.elf 
   text	   data	    bss	    dec	    hex	filename
   5236	     76	   1572	   6884	   1ae4	PROJECT2KEYPAD.elf
Finished building: default.size.stdout
 
20:04:05 **** Incremental Build of configuration Debug for project PROJECT2KEYPAD ****
make -j8 all 
arm-none-eabi-gcc "../Core/Src/main.c" -mcpu=cortex-m4 -std=gnu11 -g3 -DDEBUG -DUSE_HAL_DRIVER -DSTM32L476xx -c -I../Core/Inc -I../Drivers/STM32L4xx_HAL_Driver/Inc -I../Drivers/STM32L4xx_HAL_Driver/Inc/Legacy -I../Drivers/CMSIS/Device/ST/STM32L4xx/Include -I../Drivers/CMSIS/Include -O0 -ffunction-sections -fdata-sections -Wall -fstack-usage -fcyclomatic-complexity -MMD -MP -MF"Core/Src/main.d" -MT"Core/Src/main.o" --specs=nano.specs -mfpu=fpv4-sp-d16 -mfloat-abi=hard -mthumb -o "Core/Src/main.o"
../Core/Src/main.c: In function 'keypad_init':
../Core/Src/main.c:36:19: error: expected ')' before 'GPIO_OSPEEDR_OSPEED04'
   36 |                   GPIO_OSPEEDR_OSPEED04 | GPIO_OSPEEDR_OSPEED5 | GPIO_OSPEEDR_OSPEED6 | GPIO_OSPEEDR_OSPEED7);
      |                   ^~~~~~~~~~~~~~~~~~~~~
../Core/Src/main.c:35:22: note: to match this '('
   35 |   GPIOC->OSPEEDR &= ~(GPIO_OSPEEDR_OSPEED0 | GPIO_OSPEEDR_OSPEED1 | GPIO_OSPEEDR_OSPEED2 | GPIO_OSPEEDR_OSPEED3
      |                      ^
make: *** [Core/Src/subdir.mk:34: Core/Src/main.o] Error 1
"make -j8 all" terminated with exit code 2. Build might be incomplete.
20:04:35 **** Incremental Build of configuration Debug for project PROJECT2KEYPAD ****
make -j8 all 
arm-none-eabi-gcc "../Core/Src/main.c" -mcpu=cortex-m4 -std=gnu11 -g3 -DDEBUG -DUSE_HAL_DRIVER -DSTM32L476xx -c -I../Core/Inc -I../Drivers/STM32L4xx_HAL_Driver/Inc -I../Drivers/STM32L4xx_HAL_Driver/Inc/Legacy -I../Drivers/CMSIS/Device/ST/STM32L4xx/Include -I../Drivers/CMSIS/Include -O0 -ffunction-sections -fdata-sections -Wall -fstack-usage -fcyclomatic-complexity -MMD -MP -MF"Core/Src/main.d" -MT"Core/Src/main.o" --specs=nano.specs -mfpu=fpv4-sp-d16 -mfloat-abi=hard -mthumb -o "Core/Src/main.o"
arm-none-eabi-gcc -o "PROJECT2KEYPAD.elf" @"objects.list"   -mcpu=cortex-m4 -T"C:\Users\USER\STM32CubeIDE\workspace_school\PROJECT2KEYPAD\STM32L476RGTX_FLASH.ld" --specs=nosys.specs -Wl,-Map="PROJECT2KEYPAD.map" -Wl,--gc-sections -static --specs=nano.specs -mfpu=fpv4-sp-d16 -mfloat-abi=hard -mthumb -Wl,--start-group -lc -lm -Wl,--end-group
Finished building target: PROJECT2KEYPAD.elf
 
arm-none-eabi-size  PROJECT2KEYPAD.elf 
arm-none-eabi-objdump -h -S PROJECT2KEYPAD.elf  > "PROJECT2KEYPAD.list"
   text	   data	    bss	    dec	    hex	filename
   5252	     76	   1572	   6900	   1af4	PROJECT2KEYPAD.elf
Finished building: default.size.stdout
 
Finished building: PROJECT2KEYPAD.list
 
20:19:55 **** Incremental Build of configuration Debug for project PROJECT2KEYPAD ****
make -j8 all 
arm-none-eabi-gcc "../Core/Src/main.c" -mcpu=cortex-m4 -std=gnu11 -g3 -DDEBUG -DUSE_HAL_DRIVER -DSTM32L476xx -c -I../Core/Inc -I../Drivers/STM32L4xx_HAL_Driver/Inc -I../Drivers/STM32L4xx_HAL_Driver/Inc/Legacy -I../Drivers/CMSIS/Device/ST/STM32L4xx/Include -I../Drivers/CMSIS/Include -O0 -ffunction-sections -fdata-sections -Wall -fstack-usage -fcyclomatic-complexity -MMD -MP -MF"Core/Src/main.d" -MT"Core/Src/main.o" --specs=nano.specs -mfpu=fpv4-sp-d16 -mfloat-abi=hard -mthumb -o "Core/Src/main.o"
../Core/Src/main.c: In function 'main':
../Core/Src/main.c:96:23: error: 'GPIO_OSPEEDR_SPEED4' undeclared (first use in this function); did you mean 'GPIO_OSPEEDR_OSPEED4'?
   96 |   GPIOA->OSPEEDR &= ~(GPIO_OSPEEDR_SPEED4 | GPIO_OSPEEDR_SPEED5 | GPIO_OSPEEDR_SPEED6 | GPIO_OSPEEDR_SPEED7);
      |                       ^~~~~~~~~~~~~~~~~~~
      |                       GPIO_OSPEEDR_OSPEED4
../Core/Src/main.c:96:23: note: each undeclared identifier is reported only once for each function it appears in
../Core/Src/main.c:96:45: error: 'GPIO_OSPEEDR_SPEED5' undeclared (first use in this function); did you mean 'GPIO_OSPEEDR_OSPEED5'?
   96 |   GPIOA->OSPEEDR &= ~(GPIO_OSPEEDR_SPEED4 | GPIO_OSPEEDR_SPEED5 | GPIO_OSPEEDR_SPEED6 | GPIO_OSPEEDR_SPEED7);
      |                                             ^~~~~~~~~~~~~~~~~~~
      |                                             GPIO_OSPEEDR_OSPEED5
../Core/Src/main.c:96:67: error: 'GPIO_OSPEEDR_SPEED6' undeclared (first use in this function); did you mean 'GPIO_OSPEEDR_OSPEED6'?
   96 |   GPIOA->OSPEEDR &= ~(GPIO_OSPEEDR_SPEED4 | GPIO_OSPEEDR_SPEED5 | GPIO_OSPEEDR_SPEED6 | GPIO_OSPEEDR_SPEED7);
      |                                                                   ^~~~~~~~~~~~~~~~~~~
      |                                                                   GPIO_OSPEEDR_OSPEED6
../Core/Src/main.c:96:89: error: 'GPIO_OSPEEDR_SPEED7' undeclared (first use in this function); did you mean 'GPIO_OSPEEDR_OSPEED7'?
   96 |   GPIOA->OSPEEDR &= ~(GPIO_OSPEEDR_SPEED4 | GPIO_OSPEEDR_SPEED5 | GPIO_OSPEEDR_SPEED6 | GPIO_OSPEEDR_SPEED7);
      |                                                                                         ^~~~~~~~~~~~~~~~~~~
      |                                                                                         GPIO_OSPEEDR_OSPEED7
make: *** [Core/Src/subdir.mk:34: Core/Src/main.o] Error 1
"make -j8 all" terminated with exit code 2. Build might be incomplete.
20:20:32 **** Incremental Build of configuration Debug for project PROJECT2KEYPAD ****
make -j8 all 
arm-none-eabi-gcc "../Core/Src/main.c" -mcpu=cortex-m4 -std=gnu11 -g3 -DDEBUG -DUSE_HAL_DRIVER -DSTM32L476xx -c -I../Core/Inc -I../Drivers/STM32L4xx_HAL_Driver/Inc -I../Drivers/STM32L4xx_HAL_Driver/Inc/Legacy -I../Drivers/CMSIS/Device/ST/STM32L4xx/Include -I../Drivers/CMSIS/Include -O0 -ffunction-sections -fdata-sections -Wall -fstack-usage -fcyclomatic-complexity -MMD -MP -MF"Core/Src/main.d" -MT"Core/Src/main.o" --specs=nano.specs -mfpu=fpv4-sp-d16 -mfloat-abi=hard -mthumb -o "Core/Src/main.o"
../Core/Src/main.c: In function 'main':
../Core/Src/main.c:96:23: error: 'GPIO_OSPEEDR_SPEED4' undeclared (first use in this function); did you mean 'GPIO_OSPEEDR_OSPEED4'?
   96 |   GPIOA->OSPEEDR &= ~(GPIO_OSPEEDR_SPEED4 | GPIO_OSPEEDR_SPEED5 | GPIO_OSPEEDR_SPEED6 | GPIO_OSPEEDR_OSPEED7);
      |                       ^~~~~~~~~~~~~~~~~~~
      |                       GPIO_OSPEEDR_OSPEED4
../Core/Src/main.c:96:23: note: each undeclared identifier is reported only once for each function it appears in
../Core/Src/main.c:96:45: error: 'GPIO_OSPEEDR_SPEED5' undeclared (first use in this function); did you mean 'GPIO_OSPEEDR_OSPEED5'?
   96 |   GPIOA->OSPEEDR &= ~(GPIO_OSPEEDR_SPEED4 | GPIO_OSPEEDR_SPEED5 | GPIO_OSPEEDR_SPEED6 | GPIO_OSPEEDR_OSPEED7);
      |                                             ^~~~~~~~~~~~~~~~~~~
      |                                             GPIO_OSPEEDR_OSPEED5
../Core/Src/main.c:96:67: error: 'GPIO_OSPEEDR_SPEED6' undeclared (first use in this function); did you mean 'GPIO_OSPEEDR_OSPEED6'?
   96 |   GPIOA->OSPEEDR &= ~(GPIO_OSPEEDR_SPEED4 | GPIO_OSPEEDR_SPEED5 | GPIO_OSPEEDR_SPEED6 | GPIO_OSPEEDR_OSPEED7);
      |                                                                   ^~~~~~~~~~~~~~~~~~~
      |                                                                   GPIO_OSPEEDR_OSPEED6
make: *** [Core/Src/subdir.mk:34: Core/Src/main.o] Error 1
"make -j8 all" terminated with exit code 2. Build might be incomplete.
20:21:11 **** Incremental Build of configuration Debug for project PROJECT2KEYPAD ****
make -j8 all 
arm-none-eabi-gcc "../Core/Src/main.c" -mcpu=cortex-m4 -std=gnu11 -g3 -DDEBUG -DUSE_HAL_DRIVER -DSTM32L476xx -c -I../Core/Inc -I../Drivers/STM32L4xx_HAL_Driver/Inc -I../Drivers/STM32L4xx_HAL_Driver/Inc/Legacy -I../Drivers/CMSIS/Device/ST/STM32L4xx/Include -I../Drivers/CMSIS/Include -O0 -ffunction-sections -fdata-sections -Wall -fstack-usage -fcyclomatic-complexity -MMD -MP -MF"Core/Src/main.d" -MT"Core/Src/main.o" --specs=nano.specs -mfpu=fpv4-sp-d16 -mfloat-abi=hard -mthumb -o "Core/Src/main.o"
arm-none-eabi-gcc -o "PROJECT2KEYPAD.elf" @"objects.list"   -mcpu=cortex-m4 -T"C:\Users\USER\STM32CubeIDE\workspace_school\PROJECT2KEYPAD\STM32L476RGTX_FLASH.ld" --specs=nosys.specs -Wl,-Map="PROJECT2KEYPAD.map" -Wl,--gc-sections -static --specs=nano.specs -mfpu=fpv4-sp-d16 -mfloat-abi=hard -mthumb -Wl,--start-group -lc -lm -Wl,--end-group
Finished building target: PROJECT2KEYPAD.elf
 
arm-none-eabi-size  PROJECT2KEYPAD.elf 
arm-none-eabi-objdump -h -S PROJECT2KEYPAD.elf  > "PROJECT2KEYPAD.list"
   text	   data	    bss	    dec	    hex	filename
   5296	     76	   1572	   6944	   1b20	PROJECT2KEYPAD.elf
Finished building: default.size.stdout
 
Finished building: PROJECT2KEYPAD.list
 
20:21:50 **** Incremental Build of configuration Debug for project PROJECT2KEYPAD ****
make -j8 all 
arm-none-eabi-size  PROJECT2KEYPAD.elf 
   text	   data	    bss	    dec	    hex	filename
   5296	     76	   1572	   6944	   1b20	PROJECT2KEYPAD.elf
Finished building: default.size.stdout
 
20:24:53 **** Incremental Build of configuration Debug for project PROJECT2KEYPAD ****
make -j8 all 
arm-none-eabi-size  PROJECT2KEYPAD.elf 
   text	   data	    bss	    dec	    hex	filename
   5296	     76	   1572	   6944	   1b20	PROJECT2KEYPAD.elf
Finished building: default.size.stdout
 
20:28:56 **** Incremental Build of configuration Debug for project PROJECT2KEYPAD ****
make -j8 all 
arm-none-eabi-gcc "../Core/Src/main.c" -mcpu=cortex-m4 -std=gnu11 -g3 -DDEBUG -DUSE_HAL_DRIVER -DSTM32L476xx -c -I../Core/Inc -I../Drivers/STM32L4xx_HAL_Driver/Inc -I../Drivers/STM32L4xx_HAL_Driver/Inc/Legacy -I../Drivers/CMSIS/Device/ST/STM32L4xx/Include -I../Drivers/CMSIS/Include -O0 -ffunction-sections -fdata-sections -Wall -fstack-usage -fcyclomatic-complexity -MMD -MP -MF"Core/Src/main.d" -MT"Core/Src/main.o" --specs=nano.specs -mfpu=fpv4-sp-d16 -mfloat-abi=hard -mthumb -o "Core/Src/main.o"
arm-none-eabi-gcc -o "PROJECT2KEYPAD.elf" @"objects.list"   -mcpu=cortex-m4 -T"C:\Users\USER\STM32CubeIDE\workspace_school\PROJECT2KEYPAD\STM32L476RGTX_FLASH.ld" --specs=nosys.specs -Wl,-Map="PROJECT2KEYPAD.map" -Wl,--gc-sections -static --specs=nano.specs -mfpu=fpv4-sp-d16 -mfloat-abi=hard -mthumb -Wl,--start-group -lc -lm -Wl,--end-group
Finished building target: PROJECT2KEYPAD.elf
 
arm-none-eabi-size  PROJECT2KEYPAD.elf 
arm-none-eabi-objdump -h -S PROJECT2KEYPAD.elf  > "PROJECT2KEYPAD.list"
   text	   data	    bss	    dec	    hex	filename
   5296	     76	   1572	   6944	   1b20	PROJECT2KEYPAD.elf
Finished building: default.size.stdout
 
Finished building: PROJECT2KEYPAD.list
 
20:30:18 **** Incremental Build of configuration Debug for project PROJECT2KEYPAD ****
make -j8 all 
arm-none-eabi-gcc "../Core/Src/main.c" -mcpu=cortex-m4 -std=gnu11 -g3 -DDEBUG -DUSE_HAL_DRIVER -DSTM32L476xx -c -I../Core/Inc -I../Drivers/STM32L4xx_HAL_Driver/Inc -I../Drivers/STM32L4xx_HAL_Driver/Inc/Legacy -I../Drivers/CMSIS/Device/ST/STM32L4xx/Include -I../Drivers/CMSIS/Include -O0 -ffunction-sections -fdata-sections -Wall -fstack-usage -fcyclomatic-complexity -MMD -MP -MF"Core/Src/main.d" -MT"Core/Src/main.o" --specs=nano.specs -mfpu=fpv4-sp-d16 -mfloat-abi=hard -mthumb -o "Core/Src/main.o"
arm-none-eabi-gcc -o "PROJECT2KEYPAD.elf" @"objects.list"   -mcpu=cortex-m4 -T"C:\Users\USER\STM32CubeIDE\workspace_school\PROJECT2KEYPAD\STM32L476RGTX_FLASH.ld" --specs=nosys.specs -Wl,-Map="PROJECT2KEYPAD.map" -Wl,--gc-sections -static --specs=nano.specs -mfpu=fpv4-sp-d16 -mfloat-abi=hard -mthumb -Wl,--start-group -lc -lm -Wl,--end-group
Finished building target: PROJECT2KEYPAD.elf
 
arm-none-eabi-size  PROJECT2KEYPAD.elf 
arm-none-eabi-objdump -h -S PROJECT2KEYPAD.elf  > "PROJECT2KEYPAD.list"
   text	   data	    bss	    dec	    hex	filename
   5276	     76	   1572	   6924	   1b0c	PROJECT2KEYPAD.elf
Finished building: default.size.stdout
 
Finished building: PROJECT2KEYPAD.list
 
20:30:26 **** Incremental Build of configuration Debug for project PROJECT2KEYPAD ****
make -j8 all 
arm-none-eabi-size  PROJECT2KEYPAD.elf 
   text	   data	    bss	    dec	    hex	filename
   5276	     76	   1572	   6924	   1b0c	PROJECT2KEYPAD.elf
Finished building: default.size.stdout
 
20:30:42 **** Incremental Build of configuration Debug for project PROJECT2KEYPAD ****
make -j8 all 
arm-none-eabi-size  PROJECT2KEYPAD.elf 
   text	   data	    bss	    dec	    hex	filename
   5276	     76	   1572	   6924	   1b0c	PROJECT2KEYPAD.elf
Finished building: default.size.stdout
 
20:32:49 **** Incremental Build of configuration Debug for project PROJECT2KEYPAD ****
make -j8 all 
arm-none-eabi-gcc "../Core/Src/main.c" -mcpu=cortex-m4 -std=gnu11 -g3 -DDEBUG -DUSE_HAL_DRIVER -DSTM32L476xx -c -I../Core/Inc -I../Drivers/STM32L4xx_HAL_Driver/Inc -I../Drivers/STM32L4xx_HAL_Driver/Inc/Legacy -I../Drivers/CMSIS/Device/ST/STM32L4xx/Include -I../Drivers/CMSIS/Include -O0 -ffunction-sections -fdata-sections -Wall -fstack-usage -fcyclomatic-complexity -MMD -MP -MF"Core/Src/main.d" -MT"Core/Src/main.o" --specs=nano.specs -mfpu=fpv4-sp-d16 -mfloat-abi=hard -mthumb -o "Core/Src/main.o"
arm-none-eabi-gcc -o "PROJECT2KEYPAD.elf" @"objects.list"   -mcpu=cortex-m4 -T"C:\Users\USER\STM32CubeIDE\workspace_school\PROJECT2KEYPAD\STM32L476RGTX_FLASH.ld" --specs=nosys.specs -Wl,-Map="PROJECT2KEYPAD.map" -Wl,--gc-sections -static --specs=nano.specs -mfpu=fpv4-sp-d16 -mfloat-abi=hard -mthumb -Wl,--start-group -lc -lm -Wl,--end-group
Finished building target: PROJECT2KEYPAD.elf
 
arm-none-eabi-size  PROJECT2KEYPAD.elf 
arm-none-eabi-objdump -h -S PROJECT2KEYPAD.elf  > "PROJECT2KEYPAD.list"
   text	   data	    bss	    dec	    hex	filename
   5276	     76	   1572	   6924	   1b0c	PROJECT2KEYPAD.elf
Finished building: default.size.stdout
 
Finished building: PROJECT2KEYPAD.list
 
20:43:28 **** Incremental Build of configuration Debug for project PROJECT2KEYPAD ****
make -j8 all 
arm-none-eabi-gcc "../Core/Src/main.c" -mcpu=cortex-m4 -std=gnu11 -g3 -DDEBUG -DUSE_HAL_DRIVER -DSTM32L476xx -c -I../Core/Inc -I../Drivers/STM32L4xx_HAL_Driver/Inc -I../Drivers/STM32L4xx_HAL_Driver/Inc/Legacy -I../Drivers/CMSIS/Device/ST/STM32L4xx/Include -I../Drivers/CMSIS/Include -O0 -ffunction-sections -fdata-sections -Wall -fstack-usage -fcyclomatic-complexity -MMD -MP -MF"Core/Src/main.d" -MT"Core/Src/main.o" --specs=nano.specs -mfpu=fpv4-sp-d16 -mfloat-abi=hard -mthumb -o "Core/Src/main.o"
arm-none-eabi-gcc -o "PROJECT2KEYPAD.elf" @"objects.list"   -mcpu=cortex-m4 -T"C:\Users\USER\STM32CubeIDE\workspace_school\PROJECT2KEYPAD\STM32L476RGTX_FLASH.ld" --specs=nosys.specs -Wl,-Map="PROJECT2KEYPAD.map" -Wl,--gc-sections -static --specs=nano.specs -mfpu=fpv4-sp-d16 -mfloat-abi=hard -mthumb -Wl,--start-group -lc -lm -Wl,--end-group
Finished building target: PROJECT2KEYPAD.elf
 
arm-none-eabi-size  PROJECT2KEYPAD.elf 
arm-none-eabi-objdump -h -S PROJECT2KEYPAD.elf  > "PROJECT2KEYPAD.list"
   text	   data	    bss	    dec	    hex	filename
   5280	     76	   1572	   6928	   1b10	PROJECT2KEYPAD.elf
Finished building: default.size.stdout
 
Finished building: PROJECT2KEYPAD.list
 
20:43:57 **** Incremental Build of configuration Debug for project PROJECT2KEYPAD ****
make -j8 all 
arm-none-eabi-size  PROJECT2KEYPAD.elf 
   text	   data	    bss	    dec	    hex	filename
   5280	     76	   1572	   6928	   1b10	PROJECT2KEYPAD.elf
Finished building: default.size.stdout
 
20:44:16 **** Incremental Build of configuration Debug for project PROJECT2KEYPAD ****
make -j8 all 
arm-none-eabi-size  PROJECT2KEYPAD.elf 
   text	   data	    bss	    dec	    hex	filename
   5280	     76	   1572	   6928	   1b10	PROJECT2KEYPAD.elf
Finished building: default.size.stdout
 
20:44:36 **** Incremental Build of configuration Debug for project PROJECT2KEYPAD ****
make -j8 all 
arm-none-eabi-gcc "../Core/Src/main.c" -mcpu=cortex-m4 -std=gnu11 -g3 -DDEBUG -DUSE_HAL_DRIVER -DSTM32L476xx -c -I../Core/Inc -I../Drivers/STM32L4xx_HAL_Driver/Inc -I../Drivers/STM32L4xx_HAL_Driver/Inc/Legacy -I../Drivers/CMSIS/Device/ST/STM32L4xx/Include -I../Drivers/CMSIS/Include -O0 -ffunction-sections -fdata-sections -Wall -fstack-usage -fcyclomatic-complexity -MMD -MP -MF"Core/Src/main.d" -MT"Core/Src/main.o" --specs=nano.specs -mfpu=fpv4-sp-d16 -mfloat-abi=hard -mthumb -o "Core/Src/main.o"
arm-none-eabi-gcc -o "PROJECT2KEYPAD.elf" @"objects.list"   -mcpu=cortex-m4 -T"C:\Users\USER\STM32CubeIDE\workspace_school\PROJECT2KEYPAD\STM32L476RGTX_FLASH.ld" --specs=nosys.specs -Wl,-Map="PROJECT2KEYPAD.map" -Wl,--gc-sections -static --specs=nano.specs -mfpu=fpv4-sp-d16 -mfloat-abi=hard -mthumb -Wl,--start-group -lc -lm -Wl,--end-group
Finished building target: PROJECT2KEYPAD.elf
 
arm-none-eabi-size  PROJECT2KEYPAD.elf 
arm-none-eabi-objdump -h -S PROJECT2KEYPAD.elf  > "PROJECT2KEYPAD.list"
   text	   data	    bss	    dec	    hex	filename
   5288	     76	   1572	   6936	   1b18	PROJECT2KEYPAD.elf
Finished building: default.size.stdout
 
Finished building: PROJECT2KEYPAD.list
 
20:45:36 **** Incremental Build of configuration Debug for project PROJECT2KEYPAD ****
make -j8 all 
arm-none-eabi-gcc "../Core/Src/main.c" -mcpu=cortex-m4 -std=gnu11 -g3 -DDEBUG -DUSE_HAL_DRIVER -DSTM32L476xx -c -I../Core/Inc -I../Drivers/STM32L4xx_HAL_Driver/Inc -I../Drivers/STM32L4xx_HAL_Driver/Inc/Legacy -I../Drivers/CMSIS/Device/ST/STM32L4xx/Include -I../Drivers/CMSIS/Include -O0 -ffunction-sections -fdata-sections -Wall -fstack-usage -fcyclomatic-complexity -MMD -MP -MF"Core/Src/main.d" -MT"Core/Src/main.o" --specs=nano.specs -mfpu=fpv4-sp-d16 -mfloat-abi=hard -mthumb -o "Core/Src/main.o"
arm-none-eabi-gcc -o "PROJECT2KEYPAD.elf" @"objects.list"   -mcpu=cortex-m4 -T"C:\Users\USER\STM32CubeIDE\workspace_school\PROJECT2KEYPAD\STM32L476RGTX_FLASH.ld" --specs=nosys.specs -Wl,-Map="PROJECT2KEYPAD.map" -Wl,--gc-sections -static --specs=nano.specs -mfpu=fpv4-sp-d16 -mfloat-abi=hard -mthumb -Wl,--start-group -lc -lm -Wl,--end-group
Finished building target: PROJECT2KEYPAD.elf
 
arm-none-eabi-size  PROJECT2KEYPAD.elf 
arm-none-eabi-objdump -h -S PROJECT2KEYPAD.elf  > "PROJECT2KEYPAD.list"
   text	   data	    bss	    dec	    hex	filename
   5288	     76	   1572	   6936	   1b18	PROJECT2KEYPAD.elf
Finished building: default.size.stdout
 
Finished building: PROJECT2KEYPAD.list
 
20:46:27 **** Incremental Build of configuration Debug for project PROJECT2KEYPAD ****
make -j8 all 
arm-none-eabi-size  PROJECT2KEYPAD.elf 
   text	   data	    bss	    dec	    hex	filename
   5288	     76	   1572	   6936	   1b18	PROJECT2KEYPAD.elf
Finished building: default.size.stdout
 
20:50:30 **** Incremental Build of configuration Debug for project PROJECT2KEYPAD ****
make -j8 all 
arm-none-eabi-size  PROJECT2KEYPAD.elf 
   text	   data	    bss	    dec	    hex	filename
   5288	     76	   1572	   6936	   1b18	PROJECT2KEYPAD.elf
Finished building: default.size.stdout
 
20:50:44 **** Incremental Build of configuration Debug for project PROJECT2KEYPAD ****
make -j8 all 
arm-none-eabi-size  PROJECT2KEYPAD.elf 
   text	   data	    bss	    dec	    hex	filename
   5288	     76	   1572	   6936	   1b18	PROJECT2KEYPAD.elf
Finished building: default.size.stdout
 
20:59:16 **** Incremental Build of configuration Debug for project PROJECT2KEYPAD ****
make -j8 all 
arm-none-eabi-size  PROJECT2KEYPAD.elf 
   text	   data	    bss	    dec	    hex	filename
   5288	     76	   1572	   6936	   1b18	PROJECT2KEYPAD.elf
Finished building: default.size.stdout
 
20:59:21 **** Incremental Build of configuration Debug for project PROJECT2KEYPAD ****
make -j8 all 
arm-none-eabi-size  PROJECT2KEYPAD.elf 
   text	   data	    bss	    dec	    hex	filename
   5288	     76	   1572	   6936	   1b18	PROJECT2KEYPAD.elf
Finished building: default.size.stdout
 
20:59:58 **** Incremental Build of configuration Debug for project PROJECT2KEYPAD ****
make -j8 all 
arm-none-eabi-size  PROJECT2KEYPAD.elf 
   text	   data	    bss	    dec	    hex	filename
   5288	     76	   1572	   6936	   1b18	PROJECT2KEYPAD.elf
Finished building: default.size.stdout
 
21:09:38 **** Incremental Build of configuration Debug for project PROJECT2KEYPAD ****
make -j8 all 
arm-none-eabi-gcc "../Core/Src/main.c" -mcpu=cortex-m4 -std=gnu11 -g3 -DDEBUG -DUSE_HAL_DRIVER -DSTM32L476xx -c -I../Core/Inc -I../Drivers/STM32L4xx_HAL_Driver/Inc -I../Drivers/STM32L4xx_HAL_Driver/Inc/Legacy -I../Drivers/CMSIS/Device/ST/STM32L4xx/Include -I../Drivers/CMSIS/Include -O0 -ffunction-sections -fdata-sections -Wall -fstack-usage -fcyclomatic-complexity -MMD -MP -MF"Core/Src/main.d" -MT"Core/Src/main.o" --specs=nano.specs -mfpu=fpv4-sp-d16 -mfloat-abi=hard -mthumb -o "Core/Src/main.o"
arm-none-eabi-gcc -o "PROJECT2KEYPAD.elf" @"objects.list"   -mcpu=cortex-m4 -T"C:\Users\USER\STM32CubeIDE\workspace_school\PROJECT2KEYPAD\STM32L476RGTX_FLASH.ld" --specs=nosys.specs -Wl,-Map="PROJECT2KEYPAD.map" -Wl,--gc-sections -static --specs=nano.specs -mfpu=fpv4-sp-d16 -mfloat-abi=hard -mthumb -Wl,--start-group -lc -lm -Wl,--end-group
Finished building target: PROJECT2KEYPAD.elf
 
arm-none-eabi-size  PROJECT2KEYPAD.elf 
arm-none-eabi-objdump -h -S PROJECT2KEYPAD.elf  > "PROJECT2KEYPAD.list"
   text	   data	    bss	    dec	    hex	filename
   5272	     76	   1572	   6920	   1b08	PROJECT2KEYPAD.elf
Finished building: default.size.stdout
 
Finished building: PROJECT2KEYPAD.list
 
18:36:41 **** Build of configuration Debug for project PROJECT2KEYPAD ****
make -j8 all 
arm-none-eabi-gcc "../Core/Src/main.c" -mcpu=cortex-m4 -std=gnu11 -g3 -DDEBUG -DUSE_HAL_DRIVER -DSTM32L476xx -c -I../Core/Inc -I../Drivers/STM32L4xx_HAL_Driver/Inc -I../Drivers/STM32L4xx_HAL_Driver/Inc/Legacy -I../Drivers/CMSIS/Device/ST/STM32L4xx/Include -I../Drivers/CMSIS/Include -O0 -ffunction-sections -fdata-sections -Wall -fstack-usage -fcyclomatic-complexity -MMD -MP -MF"Core/Src/main.d" -MT"Core/Src/main.o" --specs=nano.specs -mfpu=fpv4-sp-d16 -mfloat-abi=hard -mthumb -o "Core/Src/main.o"
arm-none-eabi-gcc -o "PROJECT2KEYPAD.elf" @"objects.list"   -mcpu=cortex-m4 -T"C:\Users\USER\STM32CubeIDE\workspace_school\PROJECT2KEYPAD\STM32L476RGTX_FLASH.ld" --specs=nosys.specs -Wl,-Map="PROJECT2KEYPAD.map" -Wl,--gc-sections -static --specs=nano.specs -mfpu=fpv4-sp-d16 -mfloat-abi=hard -mthumb -Wl,--start-group -lc -lm -Wl,--end-group
Finished building target: PROJECT2KEYPAD.elf
 
arm-none-eabi-size  PROJECT2KEYPAD.elf 
arm-none-eabi-objdump -h -S PROJECT2KEYPAD.elf  > "PROJECT2KEYPAD.list"
   text	   data	    bss	    dec	    hex	filename
   5284	     76	   1572	   6932	   1b14	PROJECT2KEYPAD.elf
Finished building: default.size.stdout
 
Finished building: PROJECT2KEYPAD.list
 
18:40:06 **** Incremental Build of configuration Debug for project PROJECT2KEYPAD ****
make -j8 all 
arm-none-eabi-size  PROJECT2KEYPAD.elf 
   text	   data	    bss	    dec	    hex	filename
   5284	     76	   1572	   6932	   1b14	PROJECT2KEYPAD.elf
Finished building: default.size.stdout
 
01:11:23 **** Incremental Build of configuration Debug for project PROJECT2KEYPAD ****
make -j8 all 
arm-none-eabi-gcc "../Core/Src/main.c" -mcpu=cortex-m4 -std=gnu11 -g3 -DDEBUG -DUSE_HAL_DRIVER -DSTM32L476xx -c -I../Core/Inc -I../Drivers/STM32L4xx_HAL_Driver/Inc -I../Drivers/STM32L4xx_HAL_Driver/Inc/Legacy -I../Drivers/CMSIS/Device/ST/STM32L4xx/Include -I../Drivers/CMSIS/Include -O0 -ffunction-sections -fdata-sections -Wall -fstack-usage -fcyclomatic-complexity -MMD -MP -MF"Core/Src/main.d" -MT"Core/Src/main.o" --specs=nano.specs -mfpu=fpv4-sp-d16 -mfloat-abi=hard -mthumb -o "Core/Src/main.o"
arm-none-eabi-gcc -o "PROJECT2KEYPAD.elf" @"objects.list"   -mcpu=cortex-m4 -T"C:\Users\USER\STM32CubeIDE\workspace_school\PROJECT2KEYPAD\STM32L476RGTX_FLASH.ld" --specs=nosys.specs -Wl,-Map="PROJECT2KEYPAD.map" -Wl,--gc-sections -static --specs=nano.specs -mfpu=fpv4-sp-d16 -mfloat-abi=hard -mthumb -Wl,--start-group -lc -lm -Wl,--end-group
Finished building target: PROJECT2KEYPAD.elf
 
arm-none-eabi-size  PROJECT2KEYPAD.elf 
arm-none-eabi-objdump -h -S PROJECT2KEYPAD.elf  > "PROJECT2KEYPAD.list"
   text	   data	    bss	    dec	    hex	filename
   5284	     76	   1572	   6932	   1b14	PROJECT2KEYPAD.elf
Finished building: default.size.stdout
 
Finished building: PROJECT2KEYPAD.list
 
01:11:47 **** Build of configuration Debug for project InterruptsANDtimers ****
make -j8 all 
arm-none-eabi-gcc "../Drivers/STM32L4xx_HAL_Driver/Src/stm32l4xx_hal.c" -mcpu=cortex-m4 -std=gnu11 -g3 -DDEBUG -DUSE_HAL_DRIVER -DSTM32L476xx -c -I../Core/Inc -I../Drivers/STM32L4xx_HAL_Driver/Inc -I../Drivers/STM32L4xx_HAL_Driver/Inc/Legacy -I../Drivers/CMSIS/Device/ST/STM32L4xx/Include -I../Drivers/CMSIS/Include -O0 -ffunction-sections -fdata-sections -Wall -fstack-usage -fcyclomatic-complexity -MMD -MP -MF"Drivers/STM32L4xx_HAL_Driver/Src/stm32l4xx_hal.d" -MT"Drivers/STM32L4xx_HAL_Driver/Src/stm32l4xx_hal.o" --specs=nano.specs -mfpu=fpv4-sp-d16 -mfloat-abi=hard -mthumb -o "Drivers/STM32L4xx_HAL_Driver/Src/stm32l4xx_hal.o"
arm-none-eabi-gcc "../Drivers/STM32L4xx_HAL_Driver/Src/stm32l4xx_hal_cortex.c" -mcpu=cortex-m4 -std=gnu11 -g3 -DDEBUG -DUSE_HAL_DRIVER -DSTM32L476xx -c -I../Core/Inc -I../Drivers/STM32L4xx_HAL_Driver/Inc -I../Drivers/STM32L4xx_HAL_Driver/Inc/Legacy -I../Drivers/CMSIS/Device/ST/STM32L4xx/Include -I../Drivers/CMSIS/Include -O0 -ffunction-sections -fdata-sections -Wall -fstack-usage -fcyclomatic-complexity -MMD -MP -MF"Drivers/STM32L4xx_HAL_Driver/Src/stm32l4xx_hal_cortex.d" -MT"Drivers/STM32L4xx_HAL_Driver/Src/stm32l4xx_hal_cortex.o" --specs=nano.specs -mfpu=fpv4-sp-d16 -mfloat-abi=hard -mthumb -o "Drivers/STM32L4xx_HAL_Driver/Src/stm32l4xx_hal_cortex.o"
arm-none-eabi-gcc "../Drivers/STM32L4xx_HAL_Driver/Src/stm32l4xx_hal_dma.c" -mcpu=cortex-m4 -std=gnu11 -g3 -DDEBUG -DUSE_HAL_DRIVER -DSTM32L476xx -c -I../Core/Inc -I../Drivers/STM32L4xx_HAL_Driver/Inc -I../Drivers/STM32L4xx_HAL_Driver/Inc/Legacy -I../Drivers/CMSIS/Device/ST/STM32L4xx/Include -I../Drivers/CMSIS/Include -O0 -ffunction-sections -fdata-sections -Wall -fstack-usage -fcyclomatic-complexity -MMD -MP -MF"Drivers/STM32L4xx_HAL_Driver/Src/stm32l4xx_hal_dma.d" -MT"Drivers/STM32L4xx_HAL_Driver/Src/stm32l4xx_hal_dma.o" --specs=nano.specs -mfpu=fpv4-sp-d16 -mfloat-abi=hard -mthumb -o "Drivers/STM32L4xx_HAL_Driver/Src/stm32l4xx_hal_dma.o"
arm-none-eabi-gcc "../Drivers/STM32L4xx_HAL_Driver/Src/stm32l4xx_hal_dma_ex.c" -mcpu=cortex-m4 -std=gnu11 -g3 -DDEBUG -DUSE_HAL_DRIVER -DSTM32L476xx -c -I../Core/Inc -I../Drivers/STM32L4xx_HAL_Driver/Inc -I../Drivers/STM32L4xx_HAL_Driver/Inc/Legacy -I../Drivers/CMSIS/Device/ST/STM32L4xx/Include -I../Drivers/CMSIS/Include -O0 -ffunction-sections -fdata-sections -Wall -fstack-usage -fcyclomatic-complexity -MMD -MP -MF"Drivers/STM32L4xx_HAL_Driver/Src/stm32l4xx_hal_dma_ex.d" -MT"Drivers/STM32L4xx_HAL_Driver/Src/stm32l4xx_hal_dma_ex.o" --specs=nano.specs -mfpu=fpv4-sp-d16 -mfloat-abi=hard -mthumb -o "Drivers/STM32L4xx_HAL_Driver/Src/stm32l4xx_hal_dma_ex.o"
arm-none-eabi-gcc "../Drivers/STM32L4xx_HAL_Driver/Src/stm32l4xx_hal_exti.c" -mcpu=cortex-m4 -std=gnu11 -g3 -DDEBUG -DUSE_HAL_DRIVER -DSTM32L476xx -c -I../Core/Inc -I../Drivers/STM32L4xx_HAL_Driver/Inc -I../Drivers/STM32L4xx_HAL_Driver/Inc/Legacy -I../Drivers/CMSIS/Device/ST/STM32L4xx/Include -I../Drivers/CMSIS/Include -O0 -ffunction-sections -fdata-sections -Wall -fstack-usage -fcyclomatic-complexity -MMD -MP -MF"Drivers/STM32L4xx_HAL_Driver/Src/stm32l4xx_hal_exti.d" -MT"Drivers/STM32L4xx_HAL_Driver/Src/stm32l4xx_hal_exti.o" --specs=nano.specs -mfpu=fpv4-sp-d16 -mfloat-abi=hard -mthumb -o "Drivers/STM32L4xx_HAL_Driver/Src/stm32l4xx_hal_exti.o"
arm-none-eabi-gcc "../Drivers/STM32L4xx_HAL_Driver/Src/stm32l4xx_hal_flash.c" -mcpu=cortex-m4 -std=gnu11 -g3 -DDEBUG -DUSE_HAL_DRIVER -DSTM32L476xx -c -I../Core/Inc -I../Drivers/STM32L4xx_HAL_Driver/Inc -I../Drivers/STM32L4xx_HAL_Driver/Inc/Legacy -I../Drivers/CMSIS/Device/ST/STM32L4xx/Include -I../Drivers/CMSIS/Include -O0 -ffunction-sections -fdata-sections -Wall -fstack-usage -fcyclomatic-complexity -MMD -MP -MF"Drivers/STM32L4xx_HAL_Driver/Src/stm32l4xx_hal_flash.d" -MT"Drivers/STM32L4xx_HAL_Driver/Src/stm32l4xx_hal_flash.o" --specs=nano.specs -mfpu=fpv4-sp-d16 -mfloat-abi=hard -mthumb -o "Drivers/STM32L4xx_HAL_Driver/Src/stm32l4xx_hal_flash.o"
arm-none-eabi-gcc "../Drivers/STM32L4xx_HAL_Driver/Src/stm32l4xx_hal_flash_ex.c" -mcpu=cortex-m4 -std=gnu11 -g3 -DDEBUG -DUSE_HAL_DRIVER -DSTM32L476xx -c -I../Core/Inc -I../Drivers/STM32L4xx_HAL_Driver/Inc -I../Drivers/STM32L4xx_HAL_Driver/Inc/Legacy -I../Drivers/CMSIS/Device/ST/STM32L4xx/Include -I../Drivers/CMSIS/Include -O0 -ffunction-sections -fdata-sections -Wall -fstack-usage -fcyclomatic-complexity -MMD -MP -MF"Drivers/STM32L4xx_HAL_Driver/Src/stm32l4xx_hal_flash_ex.d" -MT"Drivers/STM32L4xx_HAL_Driver/Src/stm32l4xx_hal_flash_ex.o" --specs=nano.specs -mfpu=fpv4-sp-d16 -mfloat-abi=hard -mthumb -o "Drivers/STM32L4xx_HAL_Driver/Src/stm32l4xx_hal_flash_ex.o"
arm-none-eabi-gcc "../Drivers/STM32L4xx_HAL_Driver/Src/stm32l4xx_hal_flash_ramfunc.c" -mcpu=cortex-m4 -std=gnu11 -g3 -DDEBUG -DUSE_HAL_DRIVER -DSTM32L476xx -c -I../Core/Inc -I../Drivers/STM32L4xx_HAL_Driver/Inc -I../Drivers/STM32L4xx_HAL_Driver/Inc/Legacy -I../Drivers/CMSIS/Device/ST/STM32L4xx/Include -I../Drivers/CMSIS/Include -O0 -ffunction-sections -fdata-sections -Wall -fstack-usage -fcyclomatic-complexity -MMD -MP -MF"Drivers/STM32L4xx_HAL_Driver/Src/stm32l4xx_hal_flash_ramfunc.d" -MT"Drivers/STM32L4xx_HAL_Driver/Src/stm32l4xx_hal_flash_ramfunc.o" --specs=nano.specs -mfpu=fpv4-sp-d16 -mfloat-abi=hard -mthumb -o "Drivers/STM32L4xx_HAL_Driver/Src/stm32l4xx_hal_flash_ramfunc.o"
arm-none-eabi-gcc "../Drivers/STM32L4xx_HAL_Driver/Src/stm32l4xx_hal_gpio.c" -mcpu=cortex-m4 -std=gnu11 -g3 -DDEBUG -DUSE_HAL_DRIVER -DSTM32L476xx -c -I../Core/Inc -I../Drivers/STM32L4xx_HAL_Driver/Inc -I../Drivers/STM32L4xx_HAL_Driver/Inc/Legacy -I../Drivers/CMSIS/Device/ST/STM32L4xx/Include -I../Drivers/CMSIS/Include -O0 -ffunction-sections -fdata-sections -Wall -fstack-usage -fcyclomatic-complexity -MMD -MP -MF"Drivers/STM32L4xx_HAL_Driver/Src/stm32l4xx_hal_gpio.d" -MT"Drivers/STM32L4xx_HAL_Driver/Src/stm32l4xx_hal_gpio.o" --specs=nano.specs -mfpu=fpv4-sp-d16 -mfloat-abi=hard -mthumb -o "Drivers/STM32L4xx_HAL_Driver/Src/stm32l4xx_hal_gpio.o"
arm-none-eabi-gcc "../Drivers/STM32L4xx_HAL_Driver/Src/stm32l4xx_hal_i2c.c" -mcpu=cortex-m4 -std=gnu11 -g3 -DDEBUG -DUSE_HAL_DRIVER -DSTM32L476xx -c -I../Core/Inc -I../Drivers/STM32L4xx_HAL_Driver/Inc -I../Drivers/STM32L4xx_HAL_Driver/Inc/Legacy -I../Drivers/CMSIS/Device/ST/STM32L4xx/Include -I../Drivers/CMSIS/Include -O0 -ffunction-sections -fdata-sections -Wall -fstack-usage -fcyclomatic-complexity -MMD -MP -MF"Drivers/STM32L4xx_HAL_Driver/Src/stm32l4xx_hal_i2c.d" -MT"Drivers/STM32L4xx_HAL_Driver/Src/stm32l4xx_hal_i2c.o" --specs=nano.specs -mfpu=fpv4-sp-d16 -mfloat-abi=hard -mthumb -o "Drivers/STM32L4xx_HAL_Driver/Src/stm32l4xx_hal_i2c.o"
arm-none-eabi-gcc "../Drivers/STM32L4xx_HAL_Driver/Src/stm32l4xx_hal_i2c_ex.c" -mcpu=cortex-m4 -std=gnu11 -g3 -DDEBUG -DUSE_HAL_DRIVER -DSTM32L476xx -c -I../Core/Inc -I../Drivers/STM32L4xx_HAL_Driver/Inc -I../Drivers/STM32L4xx_HAL_Driver/Inc/Legacy -I../Drivers/CMSIS/Device/ST/STM32L4xx/Include -I../Drivers/CMSIS/Include -O0 -ffunction-sections -fdata-sections -Wall -fstack-usage -fcyclomatic-complexity -MMD -MP -MF"Drivers/STM32L4xx_HAL_Driver/Src/stm32l4xx_hal_i2c_ex.d" -MT"Drivers/STM32L4xx_HAL_Driver/Src/stm32l4xx_hal_i2c_ex.o" --specs=nano.specs -mfpu=fpv4-sp-d16 -mfloat-abi=hard -mthumb -o "Drivers/STM32L4xx_HAL_Driver/Src/stm32l4xx_hal_i2c_ex.o"
arm-none-eabi-gcc "../Drivers/STM32L4xx_HAL_Driver/Src/stm32l4xx_hal_pwr.c" -mcpu=cortex-m4 -std=gnu11 -g3 -DDEBUG -DUSE_HAL_DRIVER -DSTM32L476xx -c -I../Core/Inc -I../Drivers/STM32L4xx_HAL_Driver/Inc -I../Drivers/STM32L4xx_HAL_Driver/Inc/Legacy -I../Drivers/CMSIS/Device/ST/STM32L4xx/Include -I../Drivers/CMSIS/Include -O0 -ffunction-sections -fdata-sections -Wall -fstack-usage -fcyclomatic-complexity -MMD -MP -MF"Drivers/STM32L4xx_HAL_Driver/Src/stm32l4xx_hal_pwr.d" -MT"Drivers/STM32L4xx_HAL_Driver/Src/stm32l4xx_hal_pwr.o" --specs=nano.specs -mfpu=fpv4-sp-d16 -mfloat-abi=hard -mthumb -o "Drivers/STM32L4xx_HAL_Driver/Src/stm32l4xx_hal_pwr.o"
arm-none-eabi-gcc "../Drivers/STM32L4xx_HAL_Driver/Src/stm32l4xx_hal_pwr_ex.c" -mcpu=cortex-m4 -std=gnu11 -g3 -DDEBUG -DUSE_HAL_DRIVER -DSTM32L476xx -c -I../Core/Inc -I../Drivers/STM32L4xx_HAL_Driver/Inc -I../Drivers/STM32L4xx_HAL_Driver/Inc/Legacy -I../Drivers/CMSIS/Device/ST/STM32L4xx/Include -I../Drivers/CMSIS/Include -O0 -ffunction-sections -fdata-sections -Wall -fstack-usage -fcyclomatic-complexity -MMD -MP -MF"Drivers/STM32L4xx_HAL_Driver/Src/stm32l4xx_hal_pwr_ex.d" -MT"Drivers/STM32L4xx_HAL_Driver/Src/stm32l4xx_hal_pwr_ex.o" --specs=nano.specs -mfpu=fpv4-sp-d16 -mfloat-abi=hard -mthumb -o "Drivers/STM32L4xx_HAL_Driver/Src/stm32l4xx_hal_pwr_ex.o"
arm-none-eabi-gcc "../Drivers/STM32L4xx_HAL_Driver/Src/stm32l4xx_hal_rcc.c" -mcpu=cortex-m4 -std=gnu11 -g3 -DDEBUG -DUSE_HAL_DRIVER -DSTM32L476xx -c -I../Core/Inc -I../Drivers/STM32L4xx_HAL_Driver/Inc -I../Drivers/STM32L4xx_HAL_Driver/Inc/Legacy -I../Drivers/CMSIS/Device/ST/STM32L4xx/Include -I../Drivers/CMSIS/Include -O0 -ffunction-sections -fdata-sections -Wall -fstack-usage -fcyclomatic-complexity -MMD -MP -MF"Drivers/STM32L4xx_HAL_Driver/Src/stm32l4xx_hal_rcc.d" -MT"Drivers/STM32L4xx_HAL_Driver/Src/stm32l4xx_hal_rcc.o" --specs=nano.specs -mfpu=fpv4-sp-d16 -mfloat-abi=hard -mthumb -o "Drivers/STM32L4xx_HAL_Driver/Src/stm32l4xx_hal_rcc.o"
arm-none-eabi-gcc "../Drivers/STM32L4xx_HAL_Driver/Src/stm32l4xx_hal_rcc_ex.c" -mcpu=cortex-m4 -std=gnu11 -g3 -DDEBUG -DUSE_HAL_DRIVER -DSTM32L476xx -c -I../Core/Inc -I../Drivers/STM32L4xx_HAL_Driver/Inc -I../Drivers/STM32L4xx_HAL_Driver/Inc/Legacy -I../Drivers/CMSIS/Device/ST/STM32L4xx/Include -I../Drivers/CMSIS/Include -O0 -ffunction-sections -fdata-sections -Wall -fstack-usage -fcyclomatic-complexity -MMD -MP -MF"Drivers/STM32L4xx_HAL_Driver/Src/stm32l4xx_hal_rcc_ex.d" -MT"Drivers/STM32L4xx_HAL_Driver/Src/stm32l4xx_hal_rcc_ex.o" --specs=nano.specs -mfpu=fpv4-sp-d16 -mfloat-abi=hard -mthumb -o "Drivers/STM32L4xx_HAL_Driver/Src/stm32l4xx_hal_rcc_ex.o"
arm-none-eabi-gcc -mcpu=cortex-m4 -g3 -DDEBUG -c -x assembler-with-cpp -MMD -MP -MF"Core/Startup/startup_stm32l476rgtx.d" -MT"Core/Startup/startup_stm32l476rgtx.o" --specs=nano.specs -mfpu=fpv4-sp-d16 -mfloat-abi=hard -mthumb -o "Core/Startup/startup_stm32l476rgtx.o" "../Core/Startup/startup_stm32l476rgtx.s"
arm-none-eabi-gcc "../Core/Src/main.c" -mcpu=cortex-m4 -std=gnu11 -g3 -DDEBUG -DUSE_HAL_DRIVER -DSTM32L476xx -c -I../Core/Inc -I../Drivers/STM32L4xx_HAL_Driver/Inc -I../Drivers/STM32L4xx_HAL_Driver/Inc/Legacy -I../Drivers/CMSIS/Device/ST/STM32L4xx/Include -I../Drivers/CMSIS/Include -O0 -ffunction-sections -fdata-sections -Wall -fstack-usage -fcyclomatic-complexity -MMD -MP -MF"Core/Src/main.d" -MT"Core/Src/main.o" --specs=nano.specs -mfpu=fpv4-sp-d16 -mfloat-abi=hard -mthumb -o "Core/Src/main.o"
arm-none-eabi-gcc "../Core/Src/stm32l4xx_hal_msp.c" -mcpu=cortex-m4 -std=gnu11 -g3 -DDEBUG -DUSE_HAL_DRIVER -DSTM32L476xx -c -I../Core/Inc -I../Drivers/STM32L4xx_HAL_Driver/Inc -I../Drivers/STM32L4xx_HAL_Driver/Inc/Legacy -I../Drivers/CMSIS/Device/ST/STM32L4xx/Include -I../Drivers/CMSIS/Include -O0 -ffunction-sections -fdata-sections -Wall -fstack-usage -fcyclomatic-complexity -MMD -MP -MF"Core/Src/stm32l4xx_hal_msp.d" -MT"Core/Src/stm32l4xx_hal_msp.o" --specs=nano.specs -mfpu=fpv4-sp-d16 -mfloat-abi=hard -mthumb -o "Core/Src/stm32l4xx_hal_msp.o"
arm-none-eabi-gcc "../Core/Src/stm32l4xx_it.c" -mcpu=cortex-m4 -std=gnu11 -g3 -DDEBUG -DUSE_HAL_DRIVER -DSTM32L476xx -c -I../Core/Inc -I../Drivers/STM32L4xx_HAL_Driver/Inc -I../Drivers/STM32L4xx_HAL_Driver/Inc/Legacy -I../Drivers/CMSIS/Device/ST/STM32L4xx/Include -I../Drivers/CMSIS/Include -O0 -ffunction-sections -fdata-sections -Wall -fstack-usage -fcyclomatic-complexity -MMD -MP -MF"Core/Src/stm32l4xx_it.d" -MT"Core/Src/stm32l4xx_it.o" --specs=nano.specs -mfpu=fpv4-sp-d16 -mfloat-abi=hard -mthumb -o "Core/Src/stm32l4xx_it.o"
arm-none-eabi-gcc "../Core/Src/syscalls.c" -mcpu=cortex-m4 -std=gnu11 -g3 -DDEBUG -DUSE_HAL_DRIVER -DSTM32L476xx -c -I../Core/Inc -I../Drivers/STM32L4xx_HAL_Driver/Inc -I../Drivers/STM32L4xx_HAL_Driver/Inc/Legacy -I../Drivers/CMSIS/Device/ST/STM32L4xx/Include -I../Drivers/CMSIS/Include -O0 -ffunction-sections -fdata-sections -Wall -fstack-usage -fcyclomatic-complexity -MMD -MP -MF"Core/Src/syscalls.d" -MT"Core/Src/syscalls.o" --specs=nano.specs -mfpu=fpv4-sp-d16 -mfloat-abi=hard -mthumb -o "Core/Src/syscalls.o"
arm-none-eabi-gcc "../Core/Src/sysmem.c" -mcpu=cortex-m4 -std=gnu11 -g3 -DDEBUG -DUSE_HAL_DRIVER -DSTM32L476xx -c -I../Core/Inc -I../Drivers/STM32L4xx_HAL_Driver/Inc -I../Drivers/STM32L4xx_HAL_Driver/Inc/Legacy -I../Drivers/CMSIS/Device/ST/STM32L4xx/Include -I../Drivers/CMSIS/Include -O0 -ffunction-sections -fdata-sections -Wall -fstack-usage -fcyclomatic-complexity -MMD -MP -MF"Core/Src/sysmem.d" -MT"Core/Src/sysmem.o" --specs=nano.specs -mfpu=fpv4-sp-d16 -mfloat-abi=hard -mthumb -o "Core/Src/sysmem.o"
arm-none-eabi-gcc "../Core/Src/system_stm32l4xx.c" -mcpu=cortex-m4 -std=gnu11 -g3 -DDEBUG -DUSE_HAL_DRIVER -DSTM32L476xx -c -I../Core/Inc -I../Drivers/STM32L4xx_HAL_Driver/Inc -I../Drivers/STM32L4xx_HAL_Driver/Inc/Legacy -I../Drivers/CMSIS/Device/ST/STM32L4xx/Include -I../Drivers/CMSIS/Include -O0 -ffunction-sections -fdata-sections -Wall -fstack-usage -fcyclomatic-complexity -MMD -MP -MF"Core/Src/system_stm32l4xx.d" -MT"Core/Src/system_stm32l4xx.o" --specs=nano.specs -mfpu=fpv4-sp-d16 -mfloat-abi=hard -mthumb -o "Core/Src/system_stm32l4xx.o"
arm-none-eabi-gcc -o "InterruptsANDtimers.elf" @"objects.list"   -mcpu=cortex-m4 -T"C:\Users\USER\STM32CubeIDE\workspace_school\InterruptsANDtimers\STM32L476RGTX_FLASH.ld" --specs=nosys.specs -Wl,-Map="InterruptsANDtimers.map" -Wl,--gc-sections -static --specs=nano.specs -mfpu=fpv4-sp-d16 -mfloat-abi=hard -mthumb -Wl,--start-group -lc -lm -Wl,--end-group
Finished building target: InterruptsANDtimers.elf
 
arm-none-eabi-size  InterruptsANDtimers.elf 
arm-none-eabi-objdump -h -S InterruptsANDtimers.elf  > "InterruptsANDtimers.list"
   text	   data	    bss	    dec	    hex	filename
   5132	     12	   1572	   6716	   1a3c	InterruptsANDtimers.elf
Finished building: default.size.stdout
 
Finished building: InterruptsANDtimers.list
 
01:12:09 **** Incremental Build of configuration Debug for project InterruptsANDtimers ****
make -j8 all 
arm-none-eabi-size  InterruptsANDtimers.elf 
   text	   data	    bss	    dec	    hex	filename
   5132	     12	   1572	   6716	   1a3c	InterruptsANDtimers.elf
Finished building: default.size.stdout
 
01:18:54 **** Incremental Build of configuration Debug for project InterruptsANDtimers ****
make -j8 all 
arm-none-eabi-gcc "../Core/Src/main.c" -mcpu=cortex-m4 -std=gnu11 -g3 -DDEBUG -DUSE_HAL_DRIVER -DSTM32L476xx -c -I../Core/Inc -I../Drivers/STM32L4xx_HAL_Driver/Inc -I../Drivers/STM32L4xx_HAL_Driver/Inc/Legacy -I../Drivers/CMSIS/Device/ST/STM32L4xx/Include -I../Drivers/CMSIS/Include -O0 -ffunction-sections -fdata-sections -Wall -fstack-usage -fcyclomatic-complexity -MMD -MP -MF"Core/Src/main.d" -MT"Core/Src/main.o" --specs=nano.specs -mfpu=fpv4-sp-d16 -mfloat-abi=hard -mthumb -o "Core/Src/main.o"
arm-none-eabi-gcc -o "InterruptsANDtimers.elf" @"objects.list"   -mcpu=cortex-m4 -T"C:\Users\USER\STM32CubeIDE\workspace_school\InterruptsANDtimers\STM32L476RGTX_FLASH.ld" --specs=nosys.specs -Wl,-Map="InterruptsANDtimers.map" -Wl,--gc-sections -static --specs=nano.specs -mfpu=fpv4-sp-d16 -mfloat-abi=hard -mthumb -Wl,--start-group -lc -lm -Wl,--end-group
Finished building target: InterruptsANDtimers.elf
 
arm-none-eabi-size  InterruptsANDtimers.elf 
arm-none-eabi-objdump -h -S InterruptsANDtimers.elf  > "InterruptsANDtimers.list"
   text	   data	    bss	    dec	    hex	filename
   5132	     12	   1572	   6716	   1a3c	InterruptsANDtimers.elf
Finished building: default.size.stdout
 
Finished building: InterruptsANDtimers.list
 
01:19:00 **** Incremental Build of configuration Debug for project InterruptsANDtimers ****
make -j8 all 
arm-none-eabi-size  InterruptsANDtimers.elf 
   text	   data	    bss	    dec	    hex	filename
   5132	     12	   1572	   6716	   1a3c	InterruptsANDtimers.elf
Finished building: default.size.stdout
 
01:23:11 **** Incremental Build of configuration Debug for project InterruptsANDtimers ****
make -j8 all 
arm-none-eabi-gcc "../Core/Src/main.c" -mcpu=cortex-m4 -std=gnu11 -g3 -DDEBUG -DUSE_HAL_DRIVER -DSTM32L476xx -c -I../Core/Inc -I../Drivers/STM32L4xx_HAL_Driver/Inc -I../Drivers/STM32L4xx_HAL_Driver/Inc/Legacy -I../Drivers/CMSIS/Device/ST/STM32L4xx/Include -I../Drivers/CMSIS/Include -O0 -ffunction-sections -fdata-sections -Wall -fstack-usage -fcyclomatic-complexity -MMD -MP -MF"Core/Src/main.d" -MT"Core/Src/main.o" --specs=nano.specs -mfpu=fpv4-sp-d16 -mfloat-abi=hard -mthumb -o "Core/Src/main.o"
arm-none-eabi-gcc -o "InterruptsANDtimers.elf" @"objects.list"   -mcpu=cortex-m4 -T"C:\Users\USER\STM32CubeIDE\workspace_school\InterruptsANDtimers\STM32L476RGTX_FLASH.ld" --specs=nosys.specs -Wl,-Map="InterruptsANDtimers.map" -Wl,--gc-sections -static --specs=nano.specs -mfpu=fpv4-sp-d16 -mfloat-abi=hard -mthumb -Wl,--start-group -lc -lm -Wl,--end-group
Finished building target: InterruptsANDtimers.elf
 
arm-none-eabi-size  InterruptsANDtimers.elf 
arm-none-eabi-objdump -h -S InterruptsANDtimers.elf  > "InterruptsANDtimers.list"
   text	   data	    bss	    dec	    hex	filename
   5148	     12	   1572	   6732	   1a4c	InterruptsANDtimers.elf
Finished building: default.size.stdout
 
Finished building: InterruptsANDtimers.list
 
01:23:44 **** Incremental Build of configuration Debug for project InterruptsANDtimers ****
make -j8 all 
arm-none-eabi-size  InterruptsANDtimers.elf 
   text	   data	    bss	    dec	    hex	filename
   5148	     12	   1572	   6732	   1a4c	InterruptsANDtimers.elf
Finished building: default.size.stdout
 
01:26:40 **** Incremental Build of configuration Debug for project InterruptsANDtimers ****
make -j8 all 
arm-none-eabi-gcc "../Core/Src/main.c" -mcpu=cortex-m4 -std=gnu11 -g3 -DDEBUG -DUSE_HAL_DRIVER -DSTM32L476xx -c -I../Core/Inc -I../Drivers/STM32L4xx_HAL_Driver/Inc -I../Drivers/STM32L4xx_HAL_Driver/Inc/Legacy -I../Drivers/CMSIS/Device/ST/STM32L4xx/Include -I../Drivers/CMSIS/Include -O0 -ffunction-sections -fdata-sections -Wall -fstack-usage -fcyclomatic-complexity -MMD -MP -MF"Core/Src/main.d" -MT"Core/Src/main.o" --specs=nano.specs -mfpu=fpv4-sp-d16 -mfloat-abi=hard -mthumb -o "Core/Src/main.o"
arm-none-eabi-gcc -o "InterruptsANDtimers.elf" @"objects.list"   -mcpu=cortex-m4 -T"C:\Users\USER\STM32CubeIDE\workspace_school\InterruptsANDtimers\STM32L476RGTX_FLASH.ld" --specs=nosys.specs -Wl,-Map="InterruptsANDtimers.map" -Wl,--gc-sections -static --specs=nano.specs -mfpu=fpv4-sp-d16 -mfloat-abi=hard -mthumb -Wl,--start-group -lc -lm -Wl,--end-group
Finished building target: InterruptsANDtimers.elf
 
arm-none-eabi-size  InterruptsANDtimers.elf 
arm-none-eabi-objdump -h -S InterruptsANDtimers.elf  > "InterruptsANDtimers.list"
   text	   data	    bss	    dec	    hex	filename
   5132	     12	   1572	   6716	   1a3c	InterruptsANDtimers.elf
Finished building: default.size.stdout
 
Finished building: InterruptsANDtimers.list
 
01:37:32 **** Incremental Build of configuration Debug for project InterruptsANDtimers ****
make -j8 all 
arm-none-eabi-gcc "../Core/Src/main.c" -mcpu=cortex-m4 -std=gnu11 -g3 -DDEBUG -DUSE_HAL_DRIVER -DSTM32L476xx -c -I../Core/Inc -I../Drivers/STM32L4xx_HAL_Driver/Inc -I../Drivers/STM32L4xx_HAL_Driver/Inc/Legacy -I../Drivers/CMSIS/Device/ST/STM32L4xx/Include -I../Drivers/CMSIS/Include -O0 -ffunction-sections -fdata-sections -Wall -fstack-usage -fcyclomatic-complexity -MMD -MP -MF"Core/Src/main.d" -MT"Core/Src/main.o" --specs=nano.specs -mfpu=fpv4-sp-d16 -mfloat-abi=hard -mthumb -o "Core/Src/main.o"
arm-none-eabi-gcc -o "InterruptsANDtimers.elf" @"objects.list"   -mcpu=cortex-m4 -T"C:\Users\USER\STM32CubeIDE\workspace_school\InterruptsANDtimers\STM32L476RGTX_FLASH.ld" --specs=nosys.specs -Wl,-Map="InterruptsANDtimers.map" -Wl,--gc-sections -static --specs=nano.specs -mfpu=fpv4-sp-d16 -mfloat-abi=hard -mthumb -Wl,--start-group -lc -lm -Wl,--end-group
Finished building target: InterruptsANDtimers.elf
 
arm-none-eabi-size  InterruptsANDtimers.elf 
arm-none-eabi-objdump -h -S InterruptsANDtimers.elf  > "InterruptsANDtimers.list"
   text	   data	    bss	    dec	    hex	filename
   5184	     12	   1572	   6768	   1a70	InterruptsANDtimers.elf
Finished building: default.size.stdout
 
Finished building: InterruptsANDtimers.list
 
01:37:46 **** Incremental Build of configuration Debug for project InterruptsANDtimers ****
make -j8 all 
arm-none-eabi-size  InterruptsANDtimers.elf 
   text	   data	    bss	    dec	    hex	filename
   5184	     12	   1572	   6768	   1a70	InterruptsANDtimers.elf
Finished building: default.size.stdout
 
01:39:42 **** Incremental Build of configuration Debug for project InterruptsANDtimers ****
make -j8 all 
arm-none-eabi-gcc "../Core/Src/main.c" -mcpu=cortex-m4 -std=gnu11 -g3 -DDEBUG -DUSE_HAL_DRIVER -DSTM32L476xx -c -I../Core/Inc -I../Drivers/STM32L4xx_HAL_Driver/Inc -I../Drivers/STM32L4xx_HAL_Driver/Inc/Legacy -I../Drivers/CMSIS/Device/ST/STM32L4xx/Include -I../Drivers/CMSIS/Include -O0 -ffunction-sections -fdata-sections -Wall -fstack-usage -fcyclomatic-complexity -MMD -MP -MF"Core/Src/main.d" -MT"Core/Src/main.o" --specs=nano.specs -mfpu=fpv4-sp-d16 -mfloat-abi=hard -mthumb -o "Core/Src/main.o"
arm-none-eabi-gcc -o "InterruptsANDtimers.elf" @"objects.list"   -mcpu=cortex-m4 -T"C:\Users\USER\STM32CubeIDE\workspace_school\InterruptsANDtimers\STM32L476RGTX_FLASH.ld" --specs=nosys.specs -Wl,-Map="InterruptsANDtimers.map" -Wl,--gc-sections -static --specs=nano.specs -mfpu=fpv4-sp-d16 -mfloat-abi=hard -mthumb -Wl,--start-group -lc -lm -Wl,--end-group
Finished building target: InterruptsANDtimers.elf
 
arm-none-eabi-size  InterruptsANDtimers.elf 
arm-none-eabi-objdump -h -S InterruptsANDtimers.elf  > "InterruptsANDtimers.list"
   text	   data	    bss	    dec	    hex	filename
   5180	     12	   1572	   6764	   1a6c	InterruptsANDtimers.elf
Finished building: default.size.stdout
 
Finished building: InterruptsANDtimers.list
 
01:41:12 **** Incremental Build of configuration Debug for project InterruptsANDtimers ****
make -j8 all 
arm-none-eabi-gcc "../Core/Src/main.c" -mcpu=cortex-m4 -std=gnu11 -g3 -DDEBUG -DUSE_HAL_DRIVER -DSTM32L476xx -c -I../Core/Inc -I../Drivers/STM32L4xx_HAL_Driver/Inc -I../Drivers/STM32L4xx_HAL_Driver/Inc/Legacy -I../Drivers/CMSIS/Device/ST/STM32L4xx/Include -I../Drivers/CMSIS/Include -O0 -ffunction-sections -fdata-sections -Wall -fstack-usage -fcyclomatic-complexity -MMD -MP -MF"Core/Src/main.d" -MT"Core/Src/main.o" --specs=nano.specs -mfpu=fpv4-sp-d16 -mfloat-abi=hard -mthumb -o "Core/Src/main.o"
arm-none-eabi-gcc -o "InterruptsANDtimers.elf" @"objects.list"   -mcpu=cortex-m4 -T"C:\Users\USER\STM32CubeIDE\workspace_school\InterruptsANDtimers\STM32L476RGTX_FLASH.ld" --specs=nosys.specs -Wl,-Map="InterruptsANDtimers.map" -Wl,--gc-sections -static --specs=nano.specs -mfpu=fpv4-sp-d16 -mfloat-abi=hard -mthumb -Wl,--start-group -lc -lm -Wl,--end-group
Finished building target: InterruptsANDtimers.elf
 
arm-none-eabi-size  InterruptsANDtimers.elf 
arm-none-eabi-objdump -h -S InterruptsANDtimers.elf  > "InterruptsANDtimers.list"
   text	   data	    bss	    dec	    hex	filename
   5132	     12	   1572	   6716	   1a3c	InterruptsANDtimers.elf
Finished building: default.size.stdout
 
Finished building: InterruptsANDtimers.list
 
01:41:17 **** Incremental Build of configuration Debug for project InterruptsANDtimers ****
make -j8 all 
arm-none-eabi-size  InterruptsANDtimers.elf 
   text	   data	    bss	    dec	    hex	filename
   5132	     12	   1572	   6716	   1a3c	InterruptsANDtimers.elf
Finished building: default.size.stdout
 
01:42:03 **** Incremental Build of configuration Debug for project InterruptsANDtimers ****
make -j8 all 
arm-none-eabi-gcc "../Core/Src/main.c" -mcpu=cortex-m4 -std=gnu11 -g3 -DDEBUG -DUSE_HAL_DRIVER -DSTM32L476xx -c -I../Core/Inc -I../Drivers/STM32L4xx_HAL_Driver/Inc -I../Drivers/STM32L4xx_HAL_Driver/Inc/Legacy -I../Drivers/CMSIS/Device/ST/STM32L4xx/Include -I../Drivers/CMSIS/Include -O0 -ffunction-sections -fdata-sections -Wall -fstack-usage -fcyclomatic-complexity -MMD -MP -MF"Core/Src/main.d" -MT"Core/Src/main.o" --specs=nano.specs -mfpu=fpv4-sp-d16 -mfloat-abi=hard -mthumb -o "Core/Src/main.o"
arm-none-eabi-gcc -o "InterruptsANDtimers.elf" @"objects.list"   -mcpu=cortex-m4 -T"C:\Users\USER\STM32CubeIDE\workspace_school\InterruptsANDtimers\STM32L476RGTX_FLASH.ld" --specs=nosys.specs -Wl,-Map="InterruptsANDtimers.map" -Wl,--gc-sections -static --specs=nano.specs -mfpu=fpv4-sp-d16 -mfloat-abi=hard -mthumb -Wl,--start-group -lc -lm -Wl,--end-group
Finished building target: InterruptsANDtimers.elf
 
arm-none-eabi-size  InterruptsANDtimers.elf 
arm-none-eabi-objdump -h -S InterruptsANDtimers.elf  > "InterruptsANDtimers.list"
   text	   data	    bss	    dec	    hex	filename
   5132	     12	   1572	   6716	   1a3c	InterruptsANDtimers.elf
Finished building: default.size.stdout
 
Finished building: InterruptsANDtimers.list
 
01:44:48 **** Incremental Build of configuration Debug for project InterruptsANDtimers ****
make -j8 all 
arm-none-eabi-gcc "../Core/Src/main.c" -mcpu=cortex-m4 -std=gnu11 -g3 -DDEBUG -DUSE_HAL_DRIVER -DSTM32L476xx -c -I../Core/Inc -I../Drivers/STM32L4xx_HAL_Driver/Inc -I../Drivers/STM32L4xx_HAL_Driver/Inc/Legacy -I../Drivers/CMSIS/Device/ST/STM32L4xx/Include -I../Drivers/CMSIS/Include -O0 -ffunction-sections -fdata-sections -Wall -fstack-usage -fcyclomatic-complexity -MMD -MP -MF"Core/Src/main.d" -MT"Core/Src/main.o" --specs=nano.specs -mfpu=fpv4-sp-d16 -mfloat-abi=hard -mthumb -o "Core/Src/main.o"
[...]
C:/Users/USER/Downloads/STM32CubeIDE_1.15.1/STM32CubeIDE/plugins/com.st.stm32cube.ide.mcu.externaltools.gnu-tools-for-stm32.12.3.rel1.win32_1.0.100.202403111256/tools/bin/../lib/gcc/arm-none-eabi/12.3.1/../../../../arm-none-eabi/bin/ld.exe: ./Core/Src/main.o: in function `main':
C:/Users/USER/Documents/GitHub/STM32-Projects/workspace_school/A7Freq/Debug/../Core/Src/main.c:30: undefined reference to `USART_PRINT'
collect2.exe: error: ld returned 1 exit status
make: *** [makefile:64: A7Freq.elf] Error 1
"make -j8 all" terminated with exit code 2. Build might be incomplete.
01:53:04 **** Incremental Build of configuration Debug for project A7Freq ****
make -j8 all 
arm-none-eabi-gcc "../Core/Src/main.c" -mcpu=cortex-m4 -std=gnu11 -g3 -DDEBUG -DUSE_HAL_DRIVER -DSTM32L476xx -c -I../Core/Inc -I../Drivers/STM32L4xx_HAL_Driver/Inc -I../Drivers/STM32L4xx_HAL_Driver/Inc/Legacy -I../Drivers/CMSIS/Device/ST/STM32L4xx/Include -I../Drivers/CMSIS/Include -O0 -ffunction-sections -fdata-sections -Wall -fstack-usage -fcyclomatic-complexity -MMD -MP -MF"Core/Src/main.d" -MT"Core/Src/main.o" --specs=nano.specs -mfpu=fpv4-sp-d16 -mfloat-abi=hard -mthumb -o "Core/Src/main.o"
../Core/Src/main.c: In function 'main':
../Core/Src/main.c:30:37: warning: passing argument 1 of 'USART_print' makes pointer from integer without a cast [-Wint-conversion]
   30 |                         USART_print(calculateFreq());
      |                                     ^~~~~~~~~~~~~~~
      |                                     |
      |                                     uint16_t {aka short unsigned int}
In file included from ../Core/Inc/main.h:9,
                 from ../Core/Src/main.c:1:
../Core/Inc/USART.h:27:24: note: expected 'char *' but argument is of type 'uint16_t' {aka 'short unsigned int'}
   27 | void USART_print(char* string);
      |                  ~~~~~~^~~~~~
arm-none-eabi-gcc -o "A7Freq.elf" @"objects.list"   -mcpu=cortex-m4 -T"C:\Users\USER\Documents\GitHub\STM32-Projects\workspace_school\A7Freq\STM32L476RGTX_FLASH.ld" --specs=nosys.specs -Wl,-Map="A7Freq.map" -Wl,--gc-sections -static --specs=nano.specs -mfpu=fpv4-sp-d16 -mfloat-abi=hard -mthumb -Wl,--start-group -lc -lm -Wl,--end-group
Finished building target: A7Freq.elf
 
arm-none-eabi-size  A7Freq.elf 
arm-none-eabi-objdump -h -S A7Freq.elf  > "A7Freq.list"
   text	   data	    bss	    dec	    hex	filename
   6244	     12	   5580	  11836	   2e3c	A7Freq.elf
Finished building: default.size.stdout
 
Finished building: A7Freq.list
 
01:56:43 **** Incremental Build of configuration Debug for project A7Freq ****
make -j8 all 
arm-none-eabi-gcc "../Core/Src/main.c" -mcpu=cortex-m4 -std=gnu11 -g3 -DDEBUG -DUSE_HAL_DRIVER -DSTM32L476xx -c -I../Core/Inc -I../Drivers/STM32L4xx_HAL_Driver/Inc -I../Drivers/STM32L4xx_HAL_Driver/Inc/Legacy -I../Drivers/CMSIS/Device/ST/STM32L4xx/Include -I../Drivers/CMSIS/Include -O0 -ffunction-sections -fdata-sections -Wall -fstack-usage -fcyclomatic-complexity -MMD -MP -MF"Core/Src/main.d" -MT"Core/Src/main.o" --specs=nano.specs -mfpu=fpv4-sp-d16 -mfloat-abi=hard -mthumb -o "Core/Src/main.o"
../Core/Src/main.c: In function 'main':
../Core/Src/main.c:30:37: warning: implicit declaration of function 'DigitToStr' [-Wimplicit-function-declaration]
   30 |                         USART_print(DigitToStr(calculateFreq()));
      |                                     ^~~~~~~~~~
../Core/Src/main.c:30:37: warning: passing argument 1 of 'USART_print' makes pointer from integer without a cast [-Wint-conversion]
   30 |                         USART_print(DigitToStr(calculateFreq()));
      |                                     ^~~~~~~~~~~~~~~~~~~~~~~~~~~
      |                                     |
      |                                     int
In file included from ../Core/Inc/main.h:9,
                 from ../Core/Src/main.c:1:
../Core/Inc/USART.h:27:24: note: expected 'char *' but argument is of type 'int'
   27 | void USART_print(char* string);
      |                  ~~~~~~^~~~~~
arm-none-eabi-gcc -o "A7Freq.elf" @"objects.list"   -mcpu=cortex-m4 -T"C:\Users\USER\Documents\GitHub\STM32-Projects\workspace_school\A7Freq\STM32L476RGTX_FLASH.ld" --specs=nosys.specs -Wl,-Map="A7Freq.map" -Wl,--gc-sections -static --specs=nano.specs -mfpu=fpv4-sp-d16 -mfloat-abi=hard -mthumb -Wl,--start-group -lc -lm -Wl,--end-group
C:/Users/USER/Downloads/STM32CubeIDE_1.15.1/STM32CubeIDE/plugins/com.st.stm32cube.ide.mcu.externaltools.gnu-tools-for-stm32.12.3.rel1.win32_1.0.100.202403111256/tools/bin/../lib/gcc/arm-none-eabi/12.3.1/../../../../arm-none-eabi/bin/ld.exe: ./Core/Src/main.o: in function `main':
C:/Users/USER/Documents/GitHub/STM32-Projects/workspace_school/A7Freq/Debug/../Core/Src/main.c:30: undefined reference to `DigitToStr'
collect2.exe: error: ld returned 1 exit status
make: *** [makefile:64: A7Freq.elf] Error 1
"make -j8 all" terminated with exit code 2. Build might be incomplete.
01:57:44 **** Incremental Build of configuration Debug for project A7Freq ****
make -j8 all 
arm-none-eabi-gcc -o "A7Freq.elf" @"objects.list"   -mcpu=cortex-m4 -T"C:\Users\USER\Documents\GitHub\STM32-Projects\workspace_school\A7Freq\STM32L476RGTX_FLASH.ld" --specs=nosys.specs -Wl,-Map="A7Freq.map" -Wl,--gc-sections -static --specs=nano.specs -mfpu=fpv4-sp-d16 -mfloat-abi=hard -mthumb -Wl,--start-group -lc -lm -Wl,--end-group
C:/Users/USER/Downloads/STM32CubeIDE_1.15.1/STM32CubeIDE/plugins/com.st.stm32cube.ide.mcu.externaltools.gnu-tools-for-stm32.12.3.rel1.win32_1.0.100.202403111256/tools/bin/../lib/gcc/arm-none-eabi/12.3.1/../../../../arm-none-eabi/bin/ld.exe: ./Core/Src/main.o: in function `main':
C:/Users/USER/Documents/GitHub/STM32-Projects/workspace_school/A7Freq/Debug/../Core/Src/main.c:30: undefined reference to `DigitToStr'
collect2.exe: error: ld returned 1 exit status
make: *** [makefile:64: A7Freq.elf] Error 1
"make -j8 all" terminated with exit code 2. Build might be incomplete.
01:59:11 **** Incremental Build of configuration Debug for project A7Freq ****
make -j8 all 
arm-none-eabi-gcc "../Core/Src/USART.c" -mcpu=cortex-m4 -std=gnu11 -g3 -DDEBUG -DUSE_HAL_DRIVER -DSTM32L476xx -c -I../Core/Inc -I../Drivers/STM32L4xx_HAL_Driver/Inc -I../Drivers/STM32L4xx_HAL_Driver/Inc/Legacy -I../Drivers/CMSIS/Device/ST/STM32L4xx/Include -I../Drivers/CMSIS/Include -O0 -ffunction-sections -fdata-sections -Wall -fstack-usage -fcyclomatic-complexity -MMD -MP -MF"Core/Src/USART.d" -MT"Core/Src/USART.o" --specs=nano.specs -mfpu=fpv4-sp-d16 -mfloat-abi=hard -mthumb -o "Core/Src/USART.o"
arm-none-eabi-gcc "../Core/Src/main.c" -mcpu=cortex-m4 -std=gnu11 -g3 -DDEBUG -DUSE_HAL_DRIVER -DSTM32L476xx -c -I../Core/Inc -I../Drivers/STM32L4xx_HAL_Driver/Inc -I../Drivers/STM32L4xx_HAL_Driver/Inc/Legacy -I../Drivers/CMSIS/Device/ST/STM32L4xx/Include -I../Drivers/CMSIS/Include -O0 -ffunction-sections -fdata-sections -Wall -fstack-usage -fcyclomatic-complexity -MMD -MP -MF"Core/Src/main.d" -MT"Core/Src/main.o" --specs=nano.specs -mfpu=fpv4-sp-d16 -mfloat-abi=hard -mthumb -o "Core/Src/main.o"
arm-none-eabi-gcc "../Core/Src/stm32l4xx_hal_msp.c" -mcpu=cortex-m4 -std=gnu11 -g3 -DDEBUG -DUSE_HAL_DRIVER -DSTM32L476xx -c -I../Core/Inc -I../Drivers/STM32L4xx_HAL_Driver/Inc -I../Drivers/STM32L4xx_HAL_Driver/Inc/Legacy -I../Drivers/CMSIS/Device/ST/STM32L4xx/Include -I../Drivers/CMSIS/Include -O0 -ffunction-sections -fdata-sections -Wall -fstack-usage -fcyclomatic-complexity -MMD -MP -MF"Core/Src/stm32l4xx_hal_msp.d" -MT"Core/Src/stm32l4xx_hal_msp.o" --specs=nano.specs -mfpu=fpv4-sp-d16 -mfloat-abi=hard -mthumb -o "Core/Src/stm32l4xx_hal_msp.o"
arm-none-eabi-gcc "../Core/Src/stm32l4xx_it.c" -mcpu=cortex-m4 -std=gnu11 -g3 -DDEBUG -DUSE_HAL_DRIVER -DSTM32L476xx -c -I../Core/Inc -I../Drivers/STM32L4xx_HAL_Driver/Inc -I../Drivers/STM32L4xx_HAL_Driver/Inc/Legacy -I../Drivers/CMSIS/Device/ST/STM32L4xx/Include -I../Drivers/CMSIS/Include -O0 -ffunction-sections -fdata-sections -Wall -fstack-usage -fcyclomatic-complexity -MMD -MP -MF"Core/Src/stm32l4xx_it.d" -MT"Core/Src/stm32l4xx_it.o" --specs=nano.specs -mfpu=fpv4-sp-d16 -mfloat-abi=hard -mthumb -o "Core/Src/stm32l4xx_it.o"
../Core/Src/USART.c: In function 'DigitToStr':
../Core/Src/USART.c:77:18: warning: implicit declaration of function 'modulo_ten' [-Wimplicit-function-declaration]
   77 |     result[1] = (modulo_ten(digit / HUNDREDS)) + '0';    // Hundreds place
      |                  ^~~~~~~~~~
arm-none-eabi-gcc -o "A7Freq.elf" @"objects.list"   -mcpu=cortex-m4 -T"C:\Users\USER\Documents\GitHub\STM32-Projects\workspace_school\A7Freq\STM32L476RGTX_FLASH.ld" --specs=nosys.specs -Wl,-Map="A7Freq.map" -Wl,--gc-sections -static --specs=nano.specs -mfpu=fpv4-sp-d16 -mfloat-abi=hard -mthumb -Wl,--start-group -lc -lm -Wl,--end-group
C:/Users/USER/Downloads/STM32CubeIDE_1.15.1/STM32CubeIDE/plugins/com.st.stm32cube.ide.mcu.externaltools.gnu-tools-for-stm32.12.3.rel1.win32_1.0.100.202403111256/tools/bin/../lib/gcc/arm-none-eabi/12.3.1/../../../../arm-none-eabi/bin/ld.exe: ./Core/Src/USART.o: in function `DigitToStr':
C:/Users/USER/Documents/GitHub/STM32-Projects/workspace_school/A7Freq/Debug/../Core/Src/USART.c:77: undefined reference to `modulo_ten'
C:/Users/USER/Downloads/STM32CubeIDE_1.15.1/STM32CubeIDE/plugins/com.st.stm32cube.ide.mcu.externaltools.gnu-tools-for-stm32.12.3.rel1.win32_1.0.100.202403111256/tools/bin/../lib/gcc/arm-none-eabi/12.3.1/../../../../arm-none-eabi/bin/ld.exe: C:/Users/USER/Documents/GitHub/STM32-Projects/workspace_school/A7Freq/Debug/../Core/Src/USART.c:78: undefined reference to `modulo_ten'
C:/Users/USER/Downloads/STM32CubeIDE_1.15.1/STM32CubeIDE/plugins/com.st.stm32cube.ide.mcu.externaltools.gnu-tools-for-stm32.12.3.rel1.win32_1.0.100.202403111256/tools/bin/../lib/gcc/arm-none-eabi/12.3.1/../../../../arm-none-eabi/bin/ld.exe: C:/Users/USER/Documents/GitHub/STM32-Projects/workspace_school/A7Freq/Debug/../Core/Src/USART.c:79: undefined reference to `modulo_ten'
collect2.exe: error: ld returned 1 exit status
make: *** [makefile:64: A7Freq.elf] Error 1
"make -j8 all" terminated with exit code 2. Build might be incomplete.
02:00:13 **** Incremental Build of configuration Debug for project A7Freq ****
make -j8 all 
arm-none-eabi-gcc "../Core/Src/USART.c" -mcpu=cortex-m4 -std=gnu11 -g3 -DDEBUG -DUSE_HAL_DRIVER -DSTM32L476xx -c -I../Core/Inc -I../Drivers/STM32L4xx_HAL_Driver/Inc -I../Drivers/STM32L4xx_HAL_Driver/Inc/Legacy -I../Drivers/CMSIS/Device/ST/STM32L4xx/Include -I../Drivers/CMSIS/Include -O0 -ffunction-sections -fdata-sections -Wall -fstack-usage -fcyclomatic-complexity -MMD -MP -MF"Core/Src/USART.d" -MT"Core/Src/USART.o" --specs=nano.specs -mfpu=fpv4-sp-d16 -mfloat-abi=hard -mthumb -o "Core/Src/USART.o"
arm-none-eabi-gcc "../Core/Src/main.c" -mcpu=cortex-m4 -std=gnu11 -g3 -DDEBUG -DUSE_HAL_DRIVER -DSTM32L476xx -c -I../Core/Inc -I../Drivers/STM32L4xx_HAL_Driver/Inc -I../Drivers/STM32L4xx_HAL_Driver/Inc/Legacy -I../Drivers/CMSIS/Device/ST/STM32L4xx/Include -I../Drivers/CMSIS/Include -O0 -ffunction-sections -fdata-sections -Wall -fstack-usage -fcyclomatic-complexity -MMD -MP -MF"Core/Src/main.d" -MT"Core/Src/main.o" --specs=nano.specs -mfpu=fpv4-sp-d16 -mfloat-abi=hard -mthumb -o "Core/Src/main.o"
arm-none-eabi-gcc "../Core/Src/stm32l4xx_hal_msp.c" -mcpu=cortex-m4 -std=gnu11 -g3 -DDEBUG -DUSE_HAL_DRIVER -DSTM32L476xx -c -I../Core/Inc -I../Drivers/STM32L4xx_HAL_Driver/Inc -I../Drivers/STM32L4xx_HAL_Driver/Inc/Legacy -I../Drivers/CMSIS/Device/ST/STM32L4xx/Include -I../Drivers/CMSIS/Include -O0 -ffunction-sections -fdata-sections -Wall -fstack-usage -fcyclomatic-complexity -MMD -MP -MF"Core/Src/stm32l4xx_hal_msp.d" -MT"Core/Src/stm32l4xx_hal_msp.o" --specs=nano.specs -mfpu=fpv4-sp-d16 -mfloat-abi=hard -mthumb -o "Core/Src/stm32l4xx_hal_msp.o"
arm-none-eabi-gcc "../Core/Src/stm32l4xx_it.c" -mcpu=cortex-m4 -std=gnu11 -g3 -DDEBUG -DUSE_HAL_DRIVER -DSTM32L476xx -c -I../Core/Inc -I../Drivers/STM32L4xx_HAL_Driver/Inc -I../Drivers/STM32L4xx_HAL_Driver/Inc/Legacy -I../Drivers/CMSIS/Device/ST/STM32L4xx/Include -I../Drivers/CMSIS/Include -O0 -ffunction-sections -fdata-sections -Wall -fstack-usage -fcyclomatic-complexity -MMD -MP -MF"Core/Src/stm32l4xx_it.d" -MT"Core/Src/stm32l4xx_it.o" --specs=nano.specs -mfpu=fpv4-sp-d16 -mfloat-abi=hard -mthumb -o "Core/Src/stm32l4xx_it.o"
arm-none-eabi-gcc -o "A7Freq.elf" @"objects.list"   -mcpu=cortex-m4 -T"C:\Users\USER\Documents\GitHub\STM32-Projects\workspace_school\A7Freq\STM32L476RGTX_FLASH.ld" --specs=nosys.specs -Wl,-Map="A7Freq.map" -Wl,--gc-sections -static --specs=nano.specs -mfpu=fpv4-sp-d16 -mfloat-abi=hard -mthumb -Wl,--start-group -lc -lm -Wl,--end-group
Finished building target: A7Freq.elf
 
arm-none-eabi-size  A7Freq.elf 
arm-none-eabi-objdump -h -S A7Freq.elf  > "A7Freq.list"
   text	   data	    bss	    dec	    hex	filename
   6424	     12	   5580	  12016	   2ef0	A7Freq.elf
Finished building: default.size.stdout
 
Finished building: A7Freq.list
 
11:10:53 **** Build of configuration Debug for project A7Freq ****
make -j8 all 
arm-none-eabi-size  A7Freq.elf 
   text	   data	    bss	    dec	    hex	filename
   6424	     12	   5580	  12016	   2ef0	A7Freq.elf
Finished building: default.size.stdout
 
11:18:45 **** Incremental Build of configuration Debug for project A7Freq ****
make -j8 all 
arm-none-eabi-gcc "../Core/Src/main.c" -mcpu=cortex-m4 -std=gnu11 -g3 -DDEBUG -DUSE_HAL_DRIVER -DSTM32L476xx -c -I../Core/Inc -I../Drivers/STM32L4xx_HAL_Driver/Inc -I../Drivers/STM32L4xx_HAL_Driver/Inc/Legacy -I../Drivers/CMSIS/Device/ST/STM32L4xx/Include -I../Drivers/CMSIS/Include -O0 -ffunction-sections -fdata-sections -Wall -fstack-usage -fcyclomatic-complexity -MMD -MP -MF"Core/Src/main.d" -MT"Core/Src/main.o" --specs=nano.specs -mfpu=fpv4-sp-d16 -mfloat-abi=hard -mthumb -o "Core/Src/main.o"
arm-none-eabi-gcc -o "A7Freq.elf" @"objects.list"   -mcpu=cortex-m4 -T"C:\Users\USER\Documents\GitHub\STM32-Projects\workspace_school\A7Freq\STM32L476RGTX_FLASH.ld" --specs=nosys.specs -Wl,-Map="A7Freq.map" -Wl,--gc-sections -static --specs=nano.specs -mfpu=fpv4-sp-d16 -mfloat-abi=hard -mthumb -Wl,--start-group -lc -lm -Wl,--end-group
Finished building target: A7Freq.elf
 
arm-none-eabi-size  A7Freq.elf 
arm-none-eabi-objdump -h -S A7Freq.elf  > "A7Freq.list"
   text	   data	    bss	    dec	    hex	filename
   6424	     12	   5580	  12016	   2ef0	A7Freq.elf
Finished building: default.size.stdout
 
Finished building: A7Freq.list
 
11:19:30 **** Incremental Build of configuration Debug for project A7Freq ****
make -j8 all 
arm-none-eabi-gcc "../Core/Src/main.c" -mcpu=cortex-m4 -std=gnu11 -g3 -DDEBUG -DUSE_HAL_DRIVER -DSTM32L476xx -c -I../Core/Inc -I../Drivers/STM32L4xx_HAL_Driver/Inc -I../Drivers/STM32L4xx_HAL_Driver/Inc/Legacy -I../Drivers/CMSIS/Device/ST/STM32L4xx/Include -I../Drivers/CMSIS/Include -O0 -ffunction-sections -fdata-sections -Wall -fstack-usage -fcyclomatic-complexity -MMD -MP -MF"Core/Src/main.d" -MT"Core/Src/main.o" --specs=nano.specs -mfpu=fpv4-sp-d16 -mfloat-abi=hard -mthumb -o "Core/Src/main.o"
../Core/Src/main.c: In function 'main':
../Core/Src/main.c:30:25: warning: implicit declaration of function 'USART_ECL'; did you mean 'USART_ESC'? [-Wimplicit-function-declaration]
   30 |                         USART_ECL(RST_KEY);
      |                         ^~~~~~~~~
      |                         USART_ESC
arm-none-eabi-gcc -o "A7Freq.elf" @"objects.list"   -mcpu=cortex-m4 -T"C:\Users\USER\Documents\GitHub\STM32-Projects\workspace_school\A7Freq\STM32L476RGTX_FLASH.ld" --specs=nosys.specs -Wl,-Map="A7Freq.map" -Wl,--gc-sections -static --specs=nano.specs -mfpu=fpv4-sp-d16 -mfloat-abi=hard -mthumb -Wl,--start-group -lc -lm -Wl,--end-group
C:/Users/USER/Downloads/STM32CubeIDE_1.15.1/STM32CubeIDE/plugins/com.st.stm32cube.ide.mcu.externaltools.gnu-tools-for-stm32.12.3.rel1.win32_1.0.100.202403111256/tools/bin/../lib/gcc/arm-none-eabi/12.3.1/../../../../arm-none-eabi/bin/ld.exe: ./Core/Src/main.o: in function `main':
C:/Users/USER/Documents/GitHub/STM32-Projects/workspace_school/A7Freq/Debug/../Core/Src/main.c:30: undefined reference to `USART_ECL'
collect2.exe: error: ld returned 1 exit status
make: *** [makefile:64: A7Freq.elf] Error 1
"make -j8 all" terminated with exit code 2. Build might be incomplete.
11:19:46 **** Incremental Build of configuration Debug for project A7Freq ****
make -j8 all 
arm-none-eabi-gcc "../Core/Src/main.c" -mcpu=cortex-m4 -std=gnu11 -g3 -DDEBUG -DUSE_HAL_DRIVER -DSTM32L476xx -c -I../Core/Inc -I../Drivers/STM32L4xx_HAL_Driver/Inc -I../Drivers/STM32L4xx_HAL_Driver/Inc/Legacy -I../Drivers/CMSIS/Device/ST/STM32L4xx/Include -I../Drivers/CMSIS/Include -O0 -ffunction-sections -fdata-sections -Wall -fstack-usage -fcyclomatic-complexity -MMD -MP -MF"Core/Src/main.d" -MT"Core/Src/main.o" --specs=nano.specs -mfpu=fpv4-sp-d16 -mfloat-abi=hard -mthumb -o "Core/Src/main.o"
arm-none-eabi-gcc -o "A7Freq.elf" @"objects.list"   -mcpu=cortex-m4 -T"C:\Users\USER\Documents\GitHub\STM32-Projects\workspace_school\A7Freq\STM32L476RGTX_FLASH.ld" --specs=nosys.specs -Wl,-Map="A7Freq.map" -Wl,--gc-sections -static --specs=nano.specs -mfpu=fpv4-sp-d16 -mfloat-abi=hard -mthumb -Wl,--start-group -lc -lm -Wl,--end-group
Finished building target: A7Freq.elf
 
arm-none-eabi-size  A7Freq.elf 
arm-none-eabi-objdump -h -S A7Freq.elf  > "A7Freq.list"
   text	   data	    bss	    dec	    hex	filename
   6436	     12	   5580	  12028	   2efc	A7Freq.elf
Finished building: default.size.stdout
 
Finished building: A7Freq.list
 
11:21:13 **** Incremental Build of configuration Debug for project A7Freq ****
make -j8 all 
arm-none-eabi-size  A7Freq.elf 
   text	   data	    bss	    dec	    hex	filename
   6436	     12	   5580	  12028	   2efc	A7Freq.elf
Finished building: default.size.stdout
 
11:21:36 **** Incremental Build of configuration Debug for project A7Freq ****
make -j8 all 
arm-none-eabi-size  A7Freq.elf 
   text	   data	    bss	    dec	    hex	filename
   6436	     12	   5580	  12028	   2efc	A7Freq.elf
Finished building: default.size.stdout
 
11:22:52 **** Incremental Build of configuration Debug for project A7Freq ****
make -j8 all 
arm-none-eabi-size  A7Freq.elf 
   text	   data	    bss	    dec	    hex	filename
   6436	     12	   5580	  12028	   2efc	A7Freq.elf
Finished building: default.size.stdout
 
11:26:04 **** Incremental Build of configuration Debug for project A7Freq ****
make -j8 all 
arm-none-eabi-gcc "../Core/Src/main.c" -mcpu=cortex-m4 -std=gnu11 -g3 -DDEBUG -DUSE_HAL_DRIVER -DSTM32L476xx -c -I../Core/Inc -I../Drivers/STM32L4xx_HAL_Driver/Inc -I../Drivers/STM32L4xx_HAL_Driver/Inc/Legacy -I../Drivers/CMSIS/Device/ST/STM32L4xx/Include -I../Drivers/CMSIS/Include -O0 -ffunction-sections -fdata-sections -Wall -fstack-usage -fcyclomatic-complexity -MMD -MP -MF"Core/Src/main.d" -MT"Core/Src/main.o" --specs=nano.specs -mfpu=fpv4-sp-d16 -mfloat-abi=hard -mthumb -o "Core/Src/main.o"
arm-none-eabi-gcc -o "A7Freq.elf" @"objects.list"   -mcpu=cortex-m4 -T"C:\Users\USER\Documents\GitHub\STM32-Projects\workspace_school\A7Freq\STM32L476RGTX_FLASH.ld" --specs=nosys.specs -Wl,-Map="A7Freq.map" -Wl,--gc-sections -static --specs=nano.specs -mfpu=fpv4-sp-d16 -mfloat-abi=hard -mthumb -Wl,--start-group -lc -lm -Wl,--end-group
Finished building target: A7Freq.elf
 
arm-none-eabi-size  A7Freq.elf 
arm-none-eabi-objdump -h -S A7Freq.elf  > "A7Freq.list"
   text	   data	    bss	    dec	    hex	filename
   6464	     12	   5580	  12056	   2f18	A7Freq.elf
Finished building: default.size.stdout
 
Finished building: A7Freq.list
 
11:28:15 **** Incremental Build of configuration Debug for project A7Freq ****
make -j8 all 
arm-none-eabi-size  A7Freq.elf 
   text	   data	    bss	    dec	    hex	filename
   6464	     12	   5580	  12056	   2f18	A7Freq.elf
Finished building: default.size.stdout
 
