13:21:09 **** Incremental Build of configuration Debug for project InterruptsANDtimers ****
make -j8 all 
arm-none-eabi-gcc "../Core/Src/main.c" -mcpu=cortex-m4 -std=gnu11 -g3 -DDEBUG -DUSE_HAL_DRIVER -DSTM32L476xx -c -I../Core/Inc -I../Drivers/STM32L4xx_HAL_Driver/Inc -I../Drivers/STM32L4xx_HAL_Driver/Inc/Legacy -I../Drivers/CMSIS/Device/ST/STM32L4xx/Include -I../Drivers/CMSIS/Include -O0 -ffunction-sections -fdata-sections -Wall -fstack-usage -fcyclomatic-complexity -MMD -MP -MF"Core/Src/main.d" -MT"Core/Src/main.o" --specs=nano.specs -mfpu=fpv4-sp-d16 -mfloat-abi=hard -mthumb -o "Core/Src/main.o"
arm-none-eabi-gcc -o "InterruptsANDtimers.elf" @"objects.list"   -mcpu=cortex-m4 -T"C:\Users\USER\STM32CubeIDE\workspace_school\InterruptsANDtimers\STM32L476RGTX_FLASH.ld" --specs=nosys.specs -Wl,-Map="InterruptsANDtimers.map" -Wl,--gc-sections -static --specs=nano.specs -mfpu=fpv4-sp-d16 -mfloat-abi=hard -mthumb -Wl,--start-group -lc -lm -Wl,--end-group
Finished building target: InterruptsANDtimers.elf
 
arm-none-eabi-size  InterruptsANDtimers.elf 
arm-none-eabi-objdump -h -S InterruptsANDtimers.elf  > "InterruptsANDtimers.list"
   text	   data	    bss	    dec	    hex	filename
   5868	     12	   1572	   7452	   1d1c	InterruptsANDtimers.elf
Finished building: default.size.stdout
 
Finished building: InterruptsANDtimers.list
 

13:21:11 Build Finished. 0 errors, 0 warnings. (took 1s.921ms)

