13:13:22 **** Incremental Build of configuration Debug for project PROJECT2KEYPAD ****
make -j8 all 
arm-none-eabi-gcc "../Core/Src/main.c" -mcpu=cortex-m4 -std=gnu11 -g3 -DDEBUG -DUSE_HAL_DRIVER -DSTM32L476xx -c -I../Core/Inc -I../Drivers/STM32L4xx_HAL_Driver/Inc -I../Drivers/STM32L4xx_HAL_Driver/Inc/Legacy -I../Drivers/CMSIS/Device/ST/STM32L4xx/Include -I../Drivers/CMSIS/Include -O0 -ffunction-sections -fdata-sections -Wall -fstack-usage -fcyclomatic-complexity -MMD -MP -MF"Core/Src/main.d" -MT"Core/Src/main.o" --specs=nano.specs -mfpu=fpv4-sp-d16 -mfloat-abi=hard -mthumb -o "Core/Src/main.o"
arm-none-eabi-gcc -o "PROJECT2KEYPAD.elf" @"objects.list"   -mcpu=cortex-m4 -T"C:\Users\USER\STM32CubeIDE\workspace_school\PROJECT2KEYPAD\STM32L476RGTX_FLASH.ld" --specs=nosys.specs -Wl,-Map="PROJECT2KEYPAD.map" -Wl,--gc-sections -static --specs=nano.specs -mfpu=fpv4-sp-d16 -mfloat-abi=hard -mthumb -Wl,--start-group -lc -lm -Wl,--end-group
Finished building target: PROJECT2KEYPAD.elf
 
arm-none-eabi-size  PROJECT2KEYPAD.elf 
arm-none-eabi-objdump -h -S PROJECT2KEYPAD.elf  > "PROJECT2KEYPAD.list"
   text	   data	    bss	    dec	    hex	filename
   5284	     76	   1572	   6932	   1b14	PROJECT2KEYPAD.elf
Finished building: default.size.stdout
 
Finished building: PROJECT2KEYPAD.list
 

13:13:23 Build Finished. 0 errors, 0 warnings. (took 1s.803ms)

